Archive member included to satisfy reference by file (symbol)

c:/st/stm32cubeide_1.3.0/stm32cubeide/plugins/com.st.stm32cube.ide.mcu.externaltools.gnu-tools-for-stm32.7-2018-q2-update.win32_1.4.0.202007081208/tools/bin/../lib/gcc/arm-none-eabi/7.3.1/../../../../arm-none-eabi/lib/thumb/v7e-m/fpv4-sp/hard\libc_nano.a(lib_a-errno.o)
                              Core/Src/syscalls.o (__errno)
c:/st/stm32cubeide_1.3.0/stm32cubeide/plugins/com.st.stm32cube.ide.mcu.externaltools.gnu-tools-for-stm32.7-2018-q2-update.win32_1.4.0.202007081208/tools/bin/../lib/gcc/arm-none-eabi/7.3.1/../../../../arm-none-eabi/lib/thumb/v7e-m/fpv4-sp/hard\libc_nano.a(lib_a-exit.o)
                              c:/st/stm32cubeide_1.3.0/stm32cubeide/plugins/com.st.stm32cube.ide.mcu.externaltools.gnu-tools-for-stm32.7-2018-q2-update.win32_1.4.0.202007081208/tools/bin/../lib/gcc/arm-none-eabi/7.3.1/../../../../arm-none-eabi/lib/thumb/v7e-m/fpv4-sp/hard/crt0.o (exit)
c:/st/stm32cubeide_1.3.0/stm32cubeide/plugins/com.st.stm32cube.ide.mcu.externaltools.gnu-tools-for-stm32.7-2018-q2-update.win32_1.4.0.202007081208/tools/bin/../lib/gcc/arm-none-eabi/7.3.1/../../../../arm-none-eabi/lib/thumb/v7e-m/fpv4-sp/hard\libc_nano.a(lib_a-impure.o)
                              c:/st/stm32cubeide_1.3.0/stm32cubeide/plugins/com.st.stm32cube.ide.mcu.externaltools.gnu-tools-for-stm32.7-2018-q2-update.win32_1.4.0.202007081208/tools/bin/../lib/gcc/arm-none-eabi/7.3.1/../../../../arm-none-eabi/lib/thumb/v7e-m/fpv4-sp/hard\libc_nano.a(lib_a-exit.o) (_global_impure_ptr)
c:/st/stm32cubeide_1.3.0/stm32cubeide/plugins/com.st.stm32cube.ide.mcu.externaltools.gnu-tools-for-stm32.7-2018-q2-update.win32_1.4.0.202007081208/tools/bin/../lib/gcc/arm-none-eabi/7.3.1/../../../../arm-none-eabi/lib/thumb/v7e-m/fpv4-sp/hard\libc_nano.a(lib_a-init.o)
                              c:/st/stm32cubeide_1.3.0/stm32cubeide/plugins/com.st.stm32cube.ide.mcu.externaltools.gnu-tools-for-stm32.7-2018-q2-update.win32_1.4.0.202007081208/tools/bin/../lib/gcc/arm-none-eabi/7.3.1/../../../../arm-none-eabi/lib/thumb/v7e-m/fpv4-sp/hard/crt0.o (__libc_init_array)
c:/st/stm32cubeide_1.3.0/stm32cubeide/plugins/com.st.stm32cube.ide.mcu.externaltools.gnu-tools-for-stm32.7-2018-q2-update.win32_1.4.0.202007081208/tools/bin/../lib/gcc/arm-none-eabi/7.3.1/../../../../arm-none-eabi/lib/thumb/v7e-m/fpv4-sp/hard\libc_nano.a(lib_a-memcpy-stub.o)
                              Middlewares/Third_Party/FreeRTOS/Source/queue.o (memcpy)
c:/st/stm32cubeide_1.3.0/stm32cubeide/plugins/com.st.stm32cube.ide.mcu.externaltools.gnu-tools-for-stm32.7-2018-q2-update.win32_1.4.0.202007081208/tools/bin/../lib/gcc/arm-none-eabi/7.3.1/../../../../arm-none-eabi/lib/thumb/v7e-m/fpv4-sp/hard\libc_nano.a(lib_a-memset.o)
                              c:/st/stm32cubeide_1.3.0/stm32cubeide/plugins/com.st.stm32cube.ide.mcu.externaltools.gnu-tools-for-stm32.7-2018-q2-update.win32_1.4.0.202007081208/tools/bin/../lib/gcc/arm-none-eabi/7.3.1/../../../../arm-none-eabi/lib/thumb/v7e-m/fpv4-sp/hard/crt0.o (memset)
c:/st/stm32cubeide_1.3.0/stm32cubeide/plugins/com.st.stm32cube.ide.mcu.externaltools.gnu-tools-for-stm32.7-2018-q2-update.win32_1.4.0.202007081208/tools/bin/../lib/gcc/arm-none-eabi/7.3.1/../../../../arm-none-eabi/lib/thumb/v7e-m/fpv4-sp/hard\libc_nano.a(lib_a-strlen.o)
                              Core/Src/main.o (strlen)
c:/st/stm32cubeide_1.3.0/stm32cubeide/plugins/com.st.stm32cube.ide.mcu.externaltools.gnu-tools-for-stm32.7-2018-q2-update.win32_1.4.0.202007081208/tools/bin/../lib/gcc/arm-none-eabi/7.3.1/thumb/v7e-m/fpv4-sp/hard\libgcc.a(_aeabi_uldivmod.o)
                              Drivers/STM32F4xx_HAL_Driver/Src/stm32f4xx_hal_rcc.o (__aeabi_uldivmod)
c:/st/stm32cubeide_1.3.0/stm32cubeide/plugins/com.st.stm32cube.ide.mcu.externaltools.gnu-tools-for-stm32.7-2018-q2-update.win32_1.4.0.202007081208/tools/bin/../lib/gcc/arm-none-eabi/7.3.1/thumb/v7e-m/fpv4-sp/hard\libgcc.a(_udivmoddi4.o)
                              c:/st/stm32cubeide_1.3.0/stm32cubeide/plugins/com.st.stm32cube.ide.mcu.externaltools.gnu-tools-for-stm32.7-2018-q2-update.win32_1.4.0.202007081208/tools/bin/../lib/gcc/arm-none-eabi/7.3.1/thumb/v7e-m/fpv4-sp/hard\libgcc.a(_aeabi_uldivmod.o) (__udivmoddi4)
c:/st/stm32cubeide_1.3.0/stm32cubeide/plugins/com.st.stm32cube.ide.mcu.externaltools.gnu-tools-for-stm32.7-2018-q2-update.win32_1.4.0.202007081208/tools/bin/../lib/gcc/arm-none-eabi/7.3.1/thumb/v7e-m/fpv4-sp/hard\libgcc.a(_dvmd_tls.o)
                              c:/st/stm32cubeide_1.3.0/stm32cubeide/plugins/com.st.stm32cube.ide.mcu.externaltools.gnu-tools-for-stm32.7-2018-q2-update.win32_1.4.0.202007081208/tools/bin/../lib/gcc/arm-none-eabi/7.3.1/thumb/v7e-m/fpv4-sp/hard\libgcc.a(_aeabi_uldivmod.o) (__aeabi_ldiv0)

Allocating common symbols
Common symbol       size              file

ReceiverTaskHandle  0x4               Core/Src/main.o
uwTick              0x4               Drivers/STM32F4xx_HAL_Driver/Src/stm32f4xx_hal.o
[...]
Memory Configuration

Name             Origin             Length             Attributes
CCMRAM           0x0000000010000000 0x0000000000010000 xrw
RAM              0x0000000020000000 0x0000000000020000 xrw
FLASH            0x0000000008000000 0x0000000000100000 xr
*default*        0x0000000000000000 0xffffffffffffffff

Linker script and memory map

LOAD c:/st/stm32cubeide_1.3.0/stm32cubeide/plugins/com.st.stm32cube.ide.mcu.externaltools.gnu-tools-for-stm32.7-2018-q2-update.win32_1.4.0.202007081208/tools/bin/../lib/gcc/arm-none-eabi/7.3.1/thumb/v7e-m/fpv4-sp/hard/crti.o
LOAD c:/st/stm32cubeide_1.3.0/stm32cubeide/plugins/com.st.stm32cube.ide.mcu.externaltools.gnu-tools-for-stm32.7-2018-q2-update.win32_1.4.0.202007081208/tools/bin/../lib/gcc/arm-none-eabi/7.3.1/thumb/v7e-m/fpv4-sp/hard/crtbegin.o
LOAD c:/st/stm32cubeide_1.3.0/stm32cubeide/plugins/com.st.stm32cube.ide.mcu.externaltools.gnu-tools-for-stm32.7-2018-q2-update.win32_1.4.0.202007081208/tools/bin/../lib/gcc/arm-none-eabi/7.3.1/../../../../arm-none-eabi/lib/thumb/v7e-m/fpv4-sp/hard/crt0.o
LOAD Core/Src/freertos.o
LOAD Core/Src/main.o
LOAD Core/Src/stm32f4xx_hal_msp.o
LOAD Core/Src/stm32f4xx_hal_timebase_tim.o
LOAD Core/Src/stm32f4xx_it.o
LOAD Core/Src/syscalls.o
LOAD Core/Src/sysmem.o
LOAD Core/Src/system_stm32f4xx.o
LOAD Core/Startup/startup_stm32f407vgtx.o
LOAD Drivers/STM32F4xx_HAL_Driver/Src/stm32f4xx_hal.o
LOAD Drivers/STM32F4xx_HAL_Driver/Src/stm32f4xx_hal_cortex.o
LOAD Drivers/STM32F4xx_HAL_Driver/Src/stm32f4xx_hal_dma.o
LOAD Drivers/STM32F4xx_HAL_Driver/Src/stm32f4xx_hal_dma_ex.o
LOAD Drivers/STM32F4xx_HAL_Driver/Src/stm32f4xx_hal_exti.o
LOAD Drivers/STM32F4xx_HAL_Driver/Src/stm32f4xx_hal_flash.o
LOAD Drivers/STM32F4xx_HAL_Driver/Src/stm32f4xx_hal_flash_ex.o
LOAD Drivers/STM32F4xx_HAL_Driver/Src/stm32f4xx_hal_flash_ramfunc.o
LOAD Drivers/STM32F4xx_HAL_Driver/Src/stm32f4xx_hal_gpio.o
LOAD Drivers/STM32F4xx_HAL_Driver/Src/stm32f4xx_hal_pwr.o
LOAD Drivers/STM32F4xx_HAL_Driver/Src/stm32f4xx_hal_pwr_ex.o
LOAD Drivers/STM32F4xx_HAL_Driver/Src/stm32f4xx_hal_rcc.o
LOAD Drivers/STM32F4xx_HAL_Driver/Src/stm32f4xx_hal_rcc_ex.o
LOAD Drivers/STM32F4xx_HAL_Driver/Src/stm32f4xx_hal_tim.o
LOAD Drivers/STM32F4xx_HAL_Driver/Src/stm32f4xx_hal_tim_ex.o
LOAD Drivers/STM32F4xx_HAL_Driver/Src/stm32f4xx_hal_uart.o
LOAD Middlewares/Third_Party/FreeRTOS/Source/CMSIS_RTOS/cmsis_os.o
LOAD Middlewares/Third_Party/FreeRTOS/Source/croutine.o
LOAD Middlewares/Third_Party/FreeRTOS/Source/event_groups.o
LOAD Middlewares/Third_Party/FreeRTOS/Source/list.o
LOAD Middlewares/Third_Party/FreeRTOS/Source/queue.o
LOAD Middlewares/Third_Party/FreeRTOS/Source/stream_buffer.o
LOAD Middlewares/Third_Party/FreeRTOS/Source/tasks.o
LOAD Middlewares/Third_Party/FreeRTOS/Source/timers.o
LOAD Middlewares/Third_Party/FreeRTOS/Source/portable/GCC/ARM_CM4F/port.o
LOAD Middlewares/Third_Party/FreeRTOS/Source/portable/MemMang/heap_4.o
START GROUP
LOAD c:/st/stm32cubeide_1.3.0/stm32cubeide/plugins/com.st.stm32cube.ide.mcu.externaltools.gnu-tools-for-stm32.7-2018-q2-update.win32_1.4.0.202007081208/tools/bin/../lib/gcc/arm-none-eabi/7.3.1/../../../../arm-none-eabi/lib/thumb/v7e-m/fpv4-sp/hard\libc_nano.a
LOAD c:/st/stm32cubeide_1.3.0/stm32cubeide/plugins/com.st.stm32cube.ide.mcu.externaltools.gnu-tools-for-stm32.7-2018-q2-update.win32_1.4.0.202007081208/tools/bin/../lib/gcc/arm-none-eabi/7.3.1/../../../../arm-none-eabi/lib/thumb/v7e-m/fpv4-sp/hard\libm.a
END GROUP
START GROUP
LOAD c:/st/stm32cubeide_1.3.0/stm32cubeide/plugins/com.st.stm32cube.ide.mcu.externaltools.gnu-tools-for-stm32.7-2018-q2-update.win32_1.4.0.202007081208/tools/bin/../lib/gcc/arm-none-eabi/7.3.1/thumb/v7e-m/fpv4-sp/hard\libgcc.a
LOAD c:/st/stm32cubeide_1.3.0/stm32cubeide/plugins/com.st.stm32cube.ide.mcu.externaltools.gnu-tools-for-stm32.7-2018-q2-update.win32_1.4.0.202007081208/tools/bin/../lib/gcc/arm-none-eabi/7.3.1/../../../../arm-none-eabi/lib/thumb/v7e-m/fpv4-sp/hard\libc_nano.a
END GROUP
START GROUP
LOAD c:/st/stm32cubeide_1.3.0/stm32cubeide/plugins/com.st.stm32cube.ide.mcu.externaltools.gnu-tools-for-stm32.7-2018-q2-update.win32_1.4.0.202007081208/tools/bin/../lib/gcc/arm-none-eabi/7.3.1/thumb/v7e-m/fpv4-sp/hard\libgcc.a
LOAD c:/st/stm32cubeide_1.3.0/stm32cubeide/plugins/com.st.stm32cube.ide.mcu.externaltools.gnu-tools-for-stm32.7-2018-q2-update.win32_1.4.0.202007081208/tools/bin/../lib/gcc/arm-none-eabi/7.3.1/../../../../arm-none-eabi/lib/thumb/v7e-m/fpv4-sp/hard\libc_nano.a
LOAD c:/st/stm32cubeide_1.3.0/stm32cubeide/plugins/com.st.stm32cube.ide.mcu.externaltools.gnu-tools-for-stm32.7-2018-q2-update.win32_1.4.0.202007081208/tools/bin/../lib/gcc/arm-none-eabi/7.3.1/../../../../arm-none-eabi/lib/thumb/v7e-m/fpv4-sp/hard\libnosys.a
END GROUP
START GROUP
LOAD c:/st/stm32cubeide_1.3.0/stm32cubeide/plugins/com.st.stm32cube.ide.mcu.externaltools.gnu-tools-for-stm32.7-2018-q2-update.win32_1.4.0.202007081208/tools/bin/../lib/gcc/arm-none-eabi/7.3.1/thumb/v7e-m/fpv4-sp/hard\libgcc.a
LOAD c:/st/stm32cubeide_1.3.0/stm32cubeide/plugins/com.st.stm32cube.ide.mcu.externaltools.gnu-tools-for-stm32.7-2018-q2-update.win32_1.4.0.202007081208/tools/bin/../lib/gcc/arm-none-eabi/7.3.1/../../../../arm-none-eabi/lib/thumb/v7e-m/fpv4-sp/hard\libc_nano.a
LOAD c:/st/stm32cubeide_1.3.0/stm32cubeide/plugins/com.st.stm32cube.ide.mcu.externaltools.gnu-tools-for-stm32.7-2018-q2-update.win32_1.4.0.202007081208/tools/bin/../lib/gcc/arm-none-eabi/7.3.1/../../../../arm-none-eabi/lib/thumb/v7e-m/fpv4-sp/hard\libnosys.a
END GROUP
LOAD c:/st/stm32cubeide_1.3.0/stm32cubeide/plugins/com.st.stm32cube.ide.mcu.externaltools.gnu-tools-for-stm32.7-2018-q2-update.win32_1.4.0.202007081208/tools/bin/../lib/gcc/arm-none-eabi/7.3.1/thumb/v7e-m/fpv4-sp/hard/crtend.o
LOAD c:/st/stm32cubeide_1.3.0/stm32cubeide/plugins/com.st.stm32cube.ide.mcu.externaltools.gnu-tools-for-stm32.7-2018-q2-update.win32_1.4.0.202007081208/tools/bin/../lib/gcc/arm-none-eabi/7.3.1/thumb/v7e-m/fpv4-sp/hard/crtn.o
                0x0000000020020000                _estack = (ORIGIN (RAM) + LENGTH (RAM))
                0x0000000000000200                _Min_Heap_Size = 0x200
                0x0000000000000400                _Min_Stack_Size = 0x400

.isr_vector     0x0000000008000000      0x188
                0x0000000008000000                . = ALIGN (0x4)
 *(.isr_vector)
 .isr_vector    0x0000000008000000      0x188 Core/Startup/startup_stm32f407vgtx.o
                0x0000000008000000                g_pfnVectors
                0x0000000008000188                . = ALIGN (0x4)

.text           0x0000000008000190     0x4788
                0x0000000008000190                . = ALIGN (0x4)
 *(.text)
 .text          0x0000000008000190       0x40 c:/st/stm32cubeide_1.3.0/stm32cubeide/plugins/com.st.stm32cube.ide.mcu.externaltools.gnu-tools-for-stm32.7-2018-q2-update.win32_1.4.0.202007081208/tools/bin/../lib/gcc/arm-none-eabi/7.3.1/thumb/v7e-m/fpv4-sp/hard/crtbegin.o
 .text          0x00000000080001d0       0x10 c:/st/stm32cubeide_1.3.0/stm32cubeide/plugins/com.st.stm32cube.ide.mcu.externaltools.gnu-tools-for-stm32.7-2018-q2-update.win32_1.4.0.202007081208/tools/bin/../lib/gcc/arm-none-eabi/7.3.1/../../../../arm-none-eabi/lib/thumb/v7e-m/fpv4-sp/hard\libc_nano.a(lib_a-strlen.o)
                0x00000000080001d0                strlen
 .text          0x00000000080001e0       0x30 c:/st/stm32cubeide_1.3.0/stm32cubeide/plugins/com.st.stm32cube.ide.mcu.externaltools.gnu-tools-for-stm32.7-2018-q2-update.win32_1.4.0.202007081208/tools/bin/../lib/gcc/arm-none-eabi/7.3.1/thumb/v7e-m/fpv4-sp/hard\libgcc.a(_aeabi_uldivmod.o)
                0x00000000080001e0                __aeabi_uldivmod
 .text          0x0000000008000210      0x2cc c:/st/stm32cubeide_1.3.0/stm32cubeide/plugins/com.st.stm32cube.ide.mcu.externaltools.gnu-tools-for-stm32.7-2018-q2-update.win32_1.4.0.202007081208/tools/bin/../lib/gcc/arm-none-eabi/7.3.1/thumb/v7e-m/fpv4-sp/hard\libgcc.a(_udivmoddi4.o)
                0x0000000008000210                __udivmoddi4
 .text          0x00000000080004dc        0x4 c:/st/stm32cubeide_1.3.0/stm32cubeide/plugins/com.st.stm32cube.ide.mcu.externaltools.gnu-tools-for-stm32.7-2018-q2-update.win32_1.4.0.202007081208/tools/bin/../lib/gcc/arm-none-eabi/7.3.1/thumb/v7e-m/fpv4-sp/hard\libgcc.a(_dvmd_tls.o)
                0x00000000080004dc                __aeabi_idiv0
                0x00000000080004dc                __aeabi_ldiv0
 *(.text*)
 .text.vApplicationGetIdleTaskMemory
                0x00000000080004e0       0x34 Core/Src/freertos.o
                0x00000000080004e0                vApplicationGetIdleTaskMemory
 .text.main     0x0000000008000514       0xfc Core/Src/main.o
                0x0000000008000514                main
 .text.SystemClock_Config
                0x0000000008000610       0xd4 Core/Src/main.o
                0x0000000008000610                SystemClock_Config
 .text.MX_USART2_UART_Init
                0x00000000080006e4       0x54 Core/Src/main.o
 .text.MX_GPIO_Init
                0x0000000008000738       0xc0 Core/Src/main.o
 .text.UartPrint
                0x00000000080007f8       0x28 Core/Src/main.o
                0x00000000080007f8                UartPrint
 .text.Sender1Function
                0x0000000008000820       0x34 Core/Src/main.o
                0x0000000008000820                Sender1Function
 .text.ReceiveFunction
                0x0000000008000854       0x74 Core/Src/main.o
                0x0000000008000854                ReceiveFunction
 .text.Sender2Function
                0x00000000080008c8       0x34 Core/Src/main.o
                0x00000000080008c8                Sender2Function
 .text.HAL_TIM_PeriodElapsedCallback
                0x00000000080008fc       0x24 Core/Src/main.o
                0x00000000080008fc                HAL_TIM_PeriodElapsedCallback
 .text.Error_Handler
                0x0000000008000920        0xe Core/Src/main.o
                0x0000000008000920                Error_Handler
 *fill*         0x000000000800092e        0x2 
 .text.HAL_MspInit
                0x0000000008000930       0x50 Core/Src/stm32f4xx_hal_msp.o
                0x0000000008000930                HAL_MspInit
 .text.HAL_UART_MspInit
                0x0000000008000980       0x90 Core/Src/stm32f4xx_hal_msp.o
                0x0000000008000980                HAL_UART_MspInit
 .text.HAL_InitTick
                0x0000000008000a10       0xb4 Core/Src/stm32f4xx_hal_timebase_tim.o
                0x0000000008000a10                HAL_InitTick
 .text.NMI_Handler
                0x0000000008000ac4        0xe Core/Src/stm32f4xx_it.o
                0x0000000008000ac4                NMI_Handler
 .text.HardFault_Handler
                0x0000000008000ad2        0x6 Core/Src/stm32f4xx_it.o
                0x0000000008000ad2                HardFault_Handler
 .text.MemManage_Handler
                0x0000000008000ad8        0x6 Core/Src/stm32f4xx_it.o
                0x0000000008000ad8                MemManage_Handler
 .text.BusFault_Handler
                0x0000000008000ade        0x6 Core/Src/stm32f4xx_it.o
                0x0000000008000ade                BusFault_Handler
 .text.UsageFault_Handler
                0x0000000008000ae4        0x6 Core/Src/stm32f4xx_it.o
                0x0000000008000ae4                UsageFault_Handler
 .text.DebugMon_Handler
                0x0000000008000aea        0xe Core/Src/stm32f4xx_it.o
                0x0000000008000aea                DebugMon_Handler
 .text.TIM1_UP_TIM10_IRQHandler
                0x0000000008000af8       0x14 Core/Src/stm32f4xx_it.o
                0x0000000008000af8                TIM1_UP_TIM10_IRQHandler
 .text.SystemInit
                0x0000000008000b0c       0x2c Core/Src/system_stm32f4xx.o
                0x0000000008000b0c                SystemInit
 .text.Reset_Handler
                0x0000000008000b38       0x50 Core/Startup/startup_stm32f407vgtx.o
                0x0000000008000b38                Reset_Handler
 .text.Default_Handler
                0x0000000008000b88        0x2 Core/Startup/startup_stm32f407vgtx.o
                0x0000000008000b88                RTC_Alarm_IRQHandler
                0x0000000008000b88                HASH_RNG_IRQHandler
                0x0000000008000b88                EXTI2_IRQHandler
                0x0000000008000b88                TIM8_CC_IRQHandler
                0x0000000008000b88                TIM1_CC_IRQHandler
                0x0000000008000b88                DMA2_Stream5_IRQHandler
                0x0000000008000b88                DMA1_Stream5_IRQHandler
                0x0000000008000b88                PVD_IRQHandler
                0x0000000008000b88                SDIO_IRQHandler
                0x0000000008000b88                TAMP_STAMP_IRQHandler
                0x0000000008000b88                CAN2_RX1_IRQHandler
                0x0000000008000b88                EXTI3_IRQHandler
                0x0000000008000b88                TIM8_TRG_COM_TIM14_IRQHandler
                0x0000000008000b88                TIM8_UP_TIM13_IRQHandler
                0x0000000008000b88                I2C3_ER_IRQHandler
                0x0000000008000b88                EXTI0_IRQHandler
                0x0000000008000b88                I2C2_EV_IRQHandler
                0x0000000008000b88                DMA1_Stream2_IRQHandler
                0x0000000008000b88                CAN1_RX0_IRQHandler
                0x0000000008000b88                FPU_IRQHandler
                0x0000000008000b88                OTG_HS_WKUP_IRQHandler
                0x0000000008000b88                CAN2_SCE_IRQHandler
                0x0000000008000b88                DMA2_Stream2_IRQHandler
                0x0000000008000b88                SPI1_IRQHandler
                0x0000000008000b88                TIM6_DAC_IRQHandler
                0x0000000008000b88                TIM1_BRK_TIM9_IRQHandler
                0x0000000008000b88                DCMI_IRQHandler
                0x0000000008000b88                CAN2_RX0_IRQHandler
                0x0000000008000b88                DMA2_Stream3_IRQHandler
                0x0000000008000b88                USART6_IRQHandler
                0x0000000008000b88                USART3_IRQHandler
                0x0000000008000b88                CAN1_RX1_IRQHandler
                0x0000000008000b88                UART5_IRQHandler
                0x0000000008000b88                DMA2_Stream0_IRQHandler
                0x0000000008000b88                TIM4_IRQHandler
                0x0000000008000b88                I2C1_EV_IRQHandler
                0x0000000008000b88                DMA1_Stream6_IRQHandler
                0x0000000008000b88                DMA1_Stream1_IRQHandler
                0x0000000008000b88                UART4_IRQHandler
                0x0000000008000b88                TIM3_IRQHandler
                0x0000000008000b88                RCC_IRQHandler
                0x0000000008000b88                TIM8_BRK_TIM12_IRQHandler
                0x0000000008000b88                Default_Handler
                0x0000000008000b88                EXTI15_10_IRQHandler
                0x0000000008000b88                ADC_IRQHandler
                0x0000000008000b88                DMA1_Stream7_IRQHandler
                0x0000000008000b88                TIM7_IRQHandler
                0x0000000008000b88                CAN2_TX_IRQHandler
                0x0000000008000b88                TIM5_IRQHandler
                0x0000000008000b88                DMA2_Stream7_IRQHandler
                0x0000000008000b88                I2C3_EV_IRQHandler
                0x0000000008000b88                EXTI9_5_IRQHandler
                0x0000000008000b88                RTC_WKUP_IRQHandler
                0x0000000008000b88                ETH_WKUP_IRQHandler
                0x0000000008000b88                SPI2_IRQHandler
                0x0000000008000b88                OTG_HS_EP1_IN_IRQHandler
                0x0000000008000b88                DMA1_Stream0_IRQHandler
                0x0000000008000b88                CAN1_TX_IRQHandler
                0x0000000008000b88                EXTI4_IRQHandler
                0x0000000008000b88                FSMC_IRQHandler
                0x0000000008000b88                ETH_IRQHandler
                0x0000000008000b88                OTG_HS_EP1_OUT_IRQHandler
                0x0000000008000b88                WWDG_IRQHandler
                0x0000000008000b88                TIM2_IRQHandler
                0x0000000008000b88                OTG_FS_WKUP_IRQHandler
                0x0000000008000b88                TIM1_TRG_COM_TIM11_IRQHandler
                0x0000000008000b88                OTG_HS_IRQHandler
                0x0000000008000b88                EXTI1_IRQHandler
                0x0000000008000b88                USART2_IRQHandler
                0x0000000008000b88                I2C2_ER_IRQHandler
                0x0000000008000b88                DMA2_Stream1_IRQHandler
                0x0000000008000b88                CAN1_SCE_IRQHandler
                0x0000000008000b88                FLASH_IRQHandler
                0x0000000008000b88                DMA2_Stream4_IRQHandler
                0x0000000008000b88                USART1_IRQHandler
                0x0000000008000b88                OTG_FS_IRQHandler
                0x0000000008000b88                SPI3_IRQHandler
                0x0000000008000b88                DMA1_Stream4_IRQHandler
                0x0000000008000b88                I2C1_ER_IRQHandler
                0x0000000008000b88                DMA2_Stream6_IRQHandler
                0x0000000008000b88                DMA1_Stream3_IRQHandler
 *fill*         0x0000000008000b8a        0x2 
 .text.HAL_Init
                0x0000000008000b8c       0x44 Drivers/STM32F4xx_HAL_Driver/Src/stm32f4xx_hal.o
                0x0000000008000b8c                HAL_Init
 .text.HAL_IncTick
                0x0000000008000bd0       0x28 Drivers/STM32F4xx_HAL_Driver/Src/stm32f4xx_hal.o
                0x0000000008000bd0                HAL_IncTick
 .text.HAL_GetTick
                0x0000000008000bf8       0x18 Drivers/STM32F4xx_HAL_Driver/Src/stm32f4xx_hal.o
                0x0000000008000bf8                HAL_GetTick
 .text.__NVIC_SetPriorityGrouping
                0x0000000008000c10       0x48 Drivers/STM32F4xx_HAL_Driver/Src/stm32f4xx_hal_cortex.o
 .text.__NVIC_GetPriorityGrouping
                0x0000000008000c58       0x1c Drivers/STM32F4xx_HAL_Driver/Src/stm32f4xx_hal_cortex.o
 .text.__NVIC_EnableIRQ
                0x0000000008000c74       0x3c Drivers/STM32F4xx_HAL_Driver/Src/stm32f4xx_hal_cortex.o
 .text.__NVIC_SetPriority
                0x0000000008000cb0       0x54 Drivers/STM32F4xx_HAL_Driver/Src/stm32f4xx_hal_cortex.o
 .text.NVIC_EncodePriority
                0x0000000008000d04       0x66 Drivers/STM32F4xx_HAL_Driver/Src/stm32f4xx_hal_cortex.o
 .text.HAL_NVIC_SetPriorityGrouping
                0x0000000008000d6a       0x16 Drivers/STM32F4xx_HAL_Driver/Src/stm32f4xx_hal_cortex.o
                0x0000000008000d6a                HAL_NVIC_SetPriorityGrouping
 .text.HAL_NVIC_SetPriority
                0x0000000008000d80       0x38 Drivers/STM32F4xx_HAL_Driver/Src/stm32f4xx_hal_cortex.o
                0x0000000008000d80                HAL_NVIC_SetPriority
 .text.HAL_NVIC_EnableIRQ
                0x0000000008000db8       0x1c Drivers/STM32F4xx_HAL_Driver/Src/stm32f4xx_hal_cortex.o
                0x0000000008000db8                HAL_NVIC_EnableIRQ
 .text.HAL_GPIO_Init
                0x0000000008000dd4      0x334 Drivers/STM32F4xx_HAL_Driver/Src/stm32f4xx_hal_gpio.o
                0x0000000008000dd4                HAL_GPIO_Init
 .text.HAL_GPIO_WritePin
                0x0000000008001108       0x32 Drivers/STM32F4xx_HAL_Driver/Src/stm32f4xx_hal_gpio.o
                0x0000000008001108                HAL_GPIO_WritePin
 *fill*         0x000000000800113a        0x2 
 .text.HAL_RCC_OscConfig
                0x000000000800113c      0x4e0 Drivers/STM32F4xx_HAL_Driver/Src/stm32f4xx_hal_rcc.o
                0x000000000800113c                HAL_RCC_OscConfig
 .text.HAL_RCC_ClockConfig
                0x000000000800161c      0x1cc Drivers/STM32F4xx_HAL_Driver/Src/stm32f4xx_hal_rcc.o
                0x000000000800161c                HAL_RCC_ClockConfig
 .text.HAL_RCC_GetSysClockFreq
                0x00000000080017e8      0x1b0 Drivers/STM32F4xx_HAL_Driver/Src/stm32f4xx_hal_rcc.o
                0x00000000080017e8                HAL_RCC_GetSysClockFreq
 .text.HAL_RCC_GetHCLKFreq
                0x0000000008001998       0x18 Drivers/STM32F4xx_HAL_Driver/Src/stm32f4xx_hal_rcc.o
                0x0000000008001998                HAL_RCC_GetHCLKFreq
 .text.HAL_RCC_GetPCLK1Freq
                0x00000000080019b0       0x28 Drivers/STM32F4xx_HAL_Driver/Src/stm32f4xx_hal_rcc.o
                0x00000000080019b0                HAL_RCC_GetPCLK1Freq
 .text.HAL_RCC_GetPCLK2Freq
                0x00000000080019d8       0x28 Drivers/STM32F4xx_HAL_Driver/Src/stm32f4xx_hal_rcc.o
                0x00000000080019d8                HAL_RCC_GetPCLK2Freq
 .text.HAL_RCC_GetClockConfig
                0x0000000008001a00       0x64 Drivers/STM32F4xx_HAL_Driver/Src/stm32f4xx_hal_rcc.o
                0x0000000008001a00                HAL_RCC_GetClockConfig
 .text.HAL_TIM_Base_Init
                0x0000000008001a64       0x56 Drivers/STM32F4xx_HAL_Driver/Src/stm32f4xx_hal_tim.o
                0x0000000008001a64                HAL_TIM_Base_Init
 .text.HAL_TIM_Base_MspInit
                0x0000000008001aba       0x14 Drivers/STM32F4xx_HAL_Driver/Src/stm32f4xx_hal_tim.o
                0x0000000008001aba                HAL_TIM_Base_MspInit
 .text.HAL_TIM_Base_Start_IT
                0x0000000008001ace       0x48 Drivers/STM32F4xx_HAL_Driver/Src/stm32f4xx_hal_tim.o
                0x0000000008001ace                HAL_TIM_Base_Start_IT
 .text.HAL_TIM_IRQHandler
                0x0000000008001b16      0x210 Drivers/STM32F4xx_HAL_Driver/Src/stm32f4xx_hal_tim.o
                0x0000000008001b16                HAL_TIM_IRQHandler
 .text.HAL_TIM_OC_DelayElapsedCallback
                0x0000000008001d26       0x14 Drivers/STM32F4xx_HAL_Driver/Src/stm32f4xx_hal_tim.o
                0x0000000008001d26                HAL_TIM_OC_DelayElapsedCallback
 .text.HAL_TIM_IC_CaptureCallback
                0x0000000008001d3a       0x14 Drivers/STM32F4xx_HAL_Driver/Src/stm32f4xx_hal_tim.o
                0x0000000008001d3a                HAL_TIM_IC_CaptureCallback
 .text.HAL_TIM_PWM_PulseFinishedCallback
                0x0000000008001d4e       0x14 Drivers/STM32F4xx_HAL_Driver/Src/stm32f4xx_hal_tim.o
                0x0000000008001d4e                HAL_TIM_PWM_PulseFinishedCallback
 .text.HAL_TIM_TriggerCallback
                0x0000000008001d62       0x14 Drivers/STM32F4xx_HAL_Driver/Src/stm32f4xx_hal_tim.o
                0x0000000008001d62                HAL_TIM_TriggerCallback
 *fill*         0x0000000008001d76        0x2 
 .text.TIM_Base_SetConfig
                0x0000000008001d78      0x140 Drivers/STM32F4xx_HAL_Driver/Src/stm32f4xx_hal_tim.o
                0x0000000008001d78                TIM_Base_SetConfig
 .text.HAL_TIMEx_CommutCallback
                0x0000000008001eb8       0x14 Drivers/STM32F4xx_HAL_Driver/Src/stm32f4xx_hal_tim_ex.o
                0x0000000008001eb8                HAL_TIMEx_CommutCallback
 .text.HAL_TIMEx_BreakCallback
                0x0000000008001ecc       0x14 Drivers/STM32F4xx_HAL_Driver/Src/stm32f4xx_hal_tim_ex.o
                0x0000000008001ecc                HAL_TIMEx_BreakCallback
 .text.HAL_UART_Init
                0x0000000008001ee0       0x9a Drivers/STM32F4xx_HAL_Driver/Src/stm32f4xx_hal_uart.o
                0x0000000008001ee0                HAL_UART_Init
 .text.HAL_UART_Transmit
                0x0000000008001f7a      0x132 Drivers/STM32F4xx_HAL_Driver/Src/stm32f4xx_hal_uart.o
                0x0000000008001f7a                HAL_UART_Transmit
 .text.UART_WaitOnFlagUntilTimeout
                0x00000000080020ac       0x94 Drivers/STM32F4xx_HAL_Driver/Src/stm32f4xx_hal_uart.o
 .text.UART_SetConfig
                0x0000000008002140      0x6f8 Drivers/STM32F4xx_HAL_Driver/Src/stm32f4xx_hal_uart.o
 .text.makeFreeRtosPriority
                0x0000000008002838       0x30 Middlewares/Third_Party/FreeRTOS/Source/CMSIS_RTOS/cmsis_os.o
 .text.osKernelStart
                0x0000000008002868        0xe Middlewares/Third_Party/FreeRTOS/Source/CMSIS_RTOS/cmsis_os.o
                0x0000000008002868                osKernelStart
 .text.osThreadCreate
                0x0000000008002876       0x98 Middlewares/Third_Party/FreeRTOS/Source/CMSIS_RTOS/cmsis_os.o
                0x0000000008002876                osThreadCreate
 .text.vListInitialise
                0x000000000800290e       0x40 Middlewares/Third_Party/FreeRTOS/Source/list.o
                0x000000000800290e                vListInitialise
 .text.vListInitialiseItem
                0x000000000800294e       0x1a Middlewares/Third_Party/FreeRTOS/Source/list.o
                0x000000000800294e                vListInitialiseItem
 .text.vListInsertEnd
                0x0000000008002968       0x48 Middlewares/Third_Party/FreeRTOS/Source/list.o
                0x0000000008002968                vListInsertEnd
 .text.vListInsert
                0x00000000080029b0       0x72 Middlewares/Third_Party/FreeRTOS/Source/list.o
                0x00000000080029b0                vListInsert
 .text.uxListRemove
                0x0000000008002a22       0x54 Middlewares/Third_Party/FreeRTOS/Source/list.o
                0x0000000008002a22                uxListRemove
 *fill*         0x0000000008002a76        0x2 
 .text.xQueueGenericReset
                0x0000000008002a78       0xd0 Middlewares/Third_Party/FreeRTOS/Source/queue.o
                0x0000000008002a78                xQueueGenericReset
 .text.xQueueGenericCreate
                0x0000000008002b48       0x7e Middlewares/Third_Party/FreeRTOS/Source/queue.o
                0x0000000008002b48                xQueueGenericCreate
 .text.prvInitialiseNewQueue
                0x0000000008002bc6       0x44 Middlewares/Third_Party/FreeRTOS/Source/queue.o
 *fill*         0x0000000008002c0a        0x2 
 .text.xQueueGenericSend
                0x0000000008002c0c      0x230 Middlewares/Third_Party/FreeRTOS/Source/queue.o
                0x0000000008002c0c                xQueueGenericSend
 .text.xQueueReceive
                0x0000000008002e3c      0x1b8 Middlewares/Third_Party/FreeRTOS/Source/queue.o
                0x0000000008002e3c                xQueueReceive
 .text.prvCopyDataToQueue
                0x0000000008002ff4       0xd4 Middlewares/Third_Party/FreeRTOS/Source/queue.o
 .text.prvCopyDataFromQueue
                0x00000000080030c8       0x4c Middlewares/Third_Party/FreeRTOS/Source/queue.o
 .text.prvUnlockQueue
                0x0000000008003114       0xc0 Middlewares/Third_Party/FreeRTOS/Source/queue.o
 .text.prvIsQueueEmpty
                0x00000000080031d4       0x2c Middlewares/Third_Party/FreeRTOS/Source/queue.o
 .text.prvIsQueueFull
                0x0000000008003200       0x30 Middlewares/Third_Party/FreeRTOS/Source/queue.o
 .text.xQueueCreateSet
                0x0000000008003230       0x1e Middlewares/Third_Party/FreeRTOS/Source/queue.o
                0x0000000008003230                xQueueCreateSet
 .text.xQueueAddToSet
                0x000000000800324e       0x42 Middlewares/Third_Party/FreeRTOS/Source/queue.o
                0x000000000800324e                xQueueAddToSet
 .text.xQueueSelectFromSet
                0x0000000008003290       0x26 Middlewares/Third_Party/FreeRTOS/Source/queue.o
                0x0000000008003290                xQueueSelectFromSet
 .text.prvNotifyQueueSetContainer
                0x00000000080032b6       0xb0 Middlewares/Third_Party/FreeRTOS/Source/queue.o
 .text.xTaskCreateStatic
                0x0000000008003366       0xb4 Middlewares/Third_Party/FreeRTOS/Source/tasks.o
                0x0000000008003366                xTaskCreateStatic
 .text.xTaskCreate
                0x000000000800341a       0x8a Middlewares/Third_Party/FreeRTOS/Source/tasks.o
                0x000000000800341a                xTaskCreate
 .text.prvInitialiseNewTask
                0x00000000080034a4      0x10c Middlewares/Third_Party/FreeRTOS/Source/tasks.o
 .text.prvAddNewTaskToReadyList
                0x00000000080035b0       0xd4 Middlewares/Third_Party/FreeRTOS/Source/tasks.o
 .text.vTaskDelay
                0x0000000008003684       0x68 Middlewares/Third_Party/FreeRTOS/Source/tasks.o
                0x0000000008003684                vTaskDelay
 .text.vTaskStartScheduler
                0x00000000080036ec       0xbc Middlewares/Third_Party/FreeRTOS/Source/tasks.o
                0x00000000080036ec                vTaskStartScheduler
 .text.vTaskSuspendAll
                0x00000000080037a8       0x1c Middlewares/Third_Party/FreeRTOS/Source/tasks.o
                0x00000000080037a8                vTaskSuspendAll
 .text.xTaskResumeAll
                0x00000000080037c4      0x138 Middlewares/Third_Party/FreeRTOS/Source/tasks.o
                0x00000000080037c4                xTaskResumeAll
 .text.xTaskIncrementTick
                0x00000000080038fc      0x170 Middlewares/Third_Party/FreeRTOS/Source/tasks.o
                0x00000000080038fc                xTaskIncrementTick
 .text.vTaskSwitchContext
                0x0000000008003a6c       0xb4 Middlewares/Third_Party/FreeRTOS/Source/tasks.o
                0x0000000008003a6c                vTaskSwitchContext
 .text.vTaskPlaceOnEventList
                0x0000000008003b20       0x48 Middlewares/Third_Party/FreeRTOS/Source/tasks.o
                0x0000000008003b20                vTaskPlaceOnEventList
 .text.xTaskRemoveFromEventList
                0x0000000008003b68       0xc4 Middlewares/Third_Party/FreeRTOS/Source/tasks.o
                0x0000000008003b68                xTaskRemoveFromEventList
 .text.vTaskInternalSetTimeOutState
                0x0000000008003c2c       0x2c Middlewares/Third_Party/FreeRTOS/Source/tasks.o
                0x0000000008003c2c                vTaskInternalSetTimeOutState
 .text.xTaskCheckForTimeOut
                0x0000000008003c58       0xc0 Middlewares/Third_Party/FreeRTOS/Source/tasks.o
                0x0000000008003c58                xTaskCheckForTimeOut
 .text.vTaskMissedYield
                0x0000000008003d18       0x18 Middlewares/Third_Party/FreeRTOS/Source/tasks.o
                0x0000000008003d18                vTaskMissedYield
 .text.prvIdleTask
                0x0000000008003d30       0x30 Middlewares/Third_Party/FreeRTOS/Source/tasks.o
 .text.prvInitialiseTaskLists
                0x0000000008003d60       0x80 Middlewares/Third_Party/FreeRTOS/Source/tasks.o
 .text.prvCheckTasksWaitingTermination
                0x0000000008003de0       0x58 Middlewares/Third_Party/FreeRTOS/Source/tasks.o
 .text.prvDeleteTCB
                0x0000000008003e38       0x5c Middlewares/Third_Party/FreeRTOS/Source/tasks.o
 .text.prvResetNextTaskUnblockTime
                0x0000000008003e94       0x40 Middlewares/Third_Party/FreeRTOS/Source/tasks.o
 .text.xTaskGetSchedulerState
                0x0000000008003ed4       0x3c Middlewares/Third_Party/FreeRTOS/Source/tasks.o
                0x0000000008003ed4                xTaskGetSchedulerState
 .text.xTaskPriorityDisinherit
                0x0000000008003f10      0x108 Middlewares/Third_Party/FreeRTOS/Source/tasks.o
                0x0000000008003f10                xTaskPriorityDisinherit
 .text.prvAddCurrentTaskToDelayedList
                0x0000000008004018       0xcc Middlewares/Third_Party/FreeRTOS/Source/tasks.o
 .text.pxPortInitialiseStack
                0x00000000080040e4       0x68 Middlewares/Third_Party/FreeRTOS/Source/portable/GCC/ARM_CM4F/port.o
                0x00000000080040e4                pxPortInitialiseStack
 .text.prvTaskExitError
                0x000000000800414c       0x54 Middlewares/Third_Party/FreeRTOS/Source/portable/GCC/ARM_CM4F/port.o
 .text.SVC_Handler
                0x00000000080041a0       0x28 Middlewares/Third_Party/FreeRTOS/Source/portable/GCC/ARM_CM4F/port.o
                0x00000000080041a0                SVC_Handler
 .text.prvPortStartFirstTask
                0x00000000080041c8       0x28 Middlewares/Third_Party/FreeRTOS/Source/portable/GCC/ARM_CM4F/port.o
 .text.xPortStartScheduler
                0x00000000080041f0      0x13c Middlewares/Third_Party/FreeRTOS/Source/portable/GCC/ARM_CM4F/port.o
                0x00000000080041f0                xPortStartScheduler
 .text.vPortEnterCritical
                0x000000000800432c       0x5c Middlewares/Third_Party/FreeRTOS/Source/portable/GCC/ARM_CM4F/port.o
                0x000000000800432c                vPortEnterCritical
 .text.vPortExitCritical
                0x0000000008004388       0x50 Middlewares/Third_Party/FreeRTOS/Source/portable/GCC/ARM_CM4F/port.o
                0x0000000008004388                vPortExitCritical
 *fill*         0x00000000080043d8        0x8 
 .text.PendSV_Handler
                0x00000000080043e0       0x68 Middlewares/Third_Party/FreeRTOS/Source/portable/GCC/ARM_CM4F/port.o
                0x00000000080043e0                PendSV_Handler
 .text.SysTick_Handler
                0x0000000008004448       0x40 Middlewares/Third_Party/FreeRTOS/Source/portable/GCC/ARM_CM4F/port.o
                0x0000000008004448                SysTick_Handler
 .text.vPortSetupTimerInterrupt
                0x0000000008004488       0x48 Middlewares/Third_Party/FreeRTOS/Source/portable/GCC/ARM_CM4F/port.o
                0x0000000008004488                vPortSetupTimerInterrupt
 .text.vPortEnableVFP
                0x00000000080044d0       0x14 Middlewares/Third_Party/FreeRTOS/Source/portable/GCC/ARM_CM4F/port.o
 .text.pvPortMalloc
                0x00000000080044e4      0x184 Middlewares/Third_Party/FreeRTOS/Source/portable/MemMang/heap_4.o
                0x00000000080044e4                pvPortMalloc
 .text.vPortFree
                0x0000000008004668       0xb0 Middlewares/Third_Party/FreeRTOS/Source/portable/MemMang/heap_4.o
                0x0000000008004668                vPortFree
 .text.prvHeapInit
                0x0000000008004718       0xc4 Middlewares/Third_Party/FreeRTOS/Source/portable/MemMang/heap_4.o
 .text.prvInsertBlockIntoFreeList
                0x00000000080047dc       0xb4 Middlewares/Third_Party/FreeRTOS/Source/portable/MemMang/heap_4.o
 .text.__libc_init_array
                0x0000000008004890       0x48 c:/st/stm32cubeide_1.3.0/stm32cubeide/plugins/com.st.stm32cube.ide.mcu.externaltools.gnu-tools-for-stm32.7-2018-q2-update.win32_1.4.0.202007081208/tools/bin/../lib/gcc/arm-none-eabi/7.3.1/../../../../arm-none-eabi/lib/thumb/v7e-m/fpv4-sp/hard\libc_nano.a(lib_a-init.o)
                0x0000000008004890                __libc_init_array
 .text.memcpy   0x00000000080048d8       0x16 c:/st/stm32cubeide_1.3.0/stm32cubeide/plugins/com.st.stm32cube.ide.mcu.externaltools.gnu-tools-for-stm32.7-2018-q2-update.win32_1.4.0.202007081208/tools/bin/../lib/gcc/arm-none-eabi/7.3.1/../../../../arm-none-eabi/lib/thumb/v7e-m/fpv4-sp/hard\libc_nano.a(lib_a-memcpy-stub.o)
                0x00000000080048d8                memcpy
 .text.memset   0x00000000080048ee       0x10 c:/st/stm32cubeide_1.3.0/stm32cubeide/plugins/com.st.stm32cube.ide.mcu.externaltools.gnu-tools-for-stm32.7-2018-q2-update.win32_1.4.0.202007081208/tools/bin/../lib/gcc/arm-none-eabi/7.3.1/../../../../arm-none-eabi/lib/thumb/v7e-m/fpv4-sp/hard\libc_nano.a(lib_a-memset.o)
                0x00000000080048ee                memset
 *(.glue_7)
 .glue_7        0x00000000080048fe        0x0 linker stubs
 *(.glue_7t)
 .glue_7t       0x00000000080048fe        0x0 linker stubs
 *(.eh_frame)
 *fill*         0x00000000080048fe        0x2 
 .eh_frame      0x0000000008004900        0x0 c:/st/stm32cubeide_1.3.0/stm32cubeide/plugins/com.st.stm32cube.ide.mcu.externaltools.gnu-tools-for-stm32.7-2018-q2-update.win32_1.4.0.202007081208/tools/bin/../lib/gcc/arm-none-eabi/7.3.1/thumb/v7e-m/fpv4-sp/hard/crtbegin.o
 *(.init)
 .init          0x0000000008004900        0x4 c:/st/stm32cubeide_1.3.0/stm32cubeide/plugins/com.st.stm32cube.ide.mcu.externaltools.gnu-tools-for-stm32.7-2018-q2-update.win32_1.4.0.202007081208/tools/bin/../lib/gcc/arm-none-eabi/7.3.1/thumb/v7e-m/fpv4-sp/hard/crti.o
                0x0000000008004900                _init
 .init          0x0000000008004904        0x8 c:/st/stm32cubeide_1.3.0/stm32cubeide/plugins/com.st.stm32cube.ide.mcu.externaltools.gnu-tools-for-stm32.7-2018-q2-update.win32_1.4.0.202007081208/tools/bin/../lib/gcc/arm-none-eabi/7.3.1/thumb/v7e-m/fpv4-sp/hard/crtn.o
 *(.fini)
 .fini          0x000000000800490c        0x4 c:/st/stm32cubeide_1.3.0/stm32cubeide/plugins/com.st.stm32cube.ide.mcu.externaltools.gnu-tools-for-stm32.7-2018-q2-update.win32_1.4.0.202007081208/tools/bin/../lib/gcc/arm-none-eabi/7.3.1/thumb/v7e-m/fpv4-sp/hard/crti.o
                0x000000000800490c                _fini
 .fini          0x0000000008004910        0x8 c:/st/stm32cubeide_1.3.0/stm32cubeide/plugins/com.st.stm32cube.ide.mcu.externaltools.gnu-tools-for-stm32.7-2018-q2-update.win32_1.4.0.202007081208/tools/bin/../lib/gcc/arm-none-eabi/7.3.1/thumb/v7e-m/fpv4-sp/hard/crtn.o
                0x0000000008004918                . = ALIGN (0x4)
                0x0000000008004918                _etext = .

.vfp11_veneer   0x0000000008004918        0x0
 .vfp11_veneer  0x0000000008004918        0x0 linker stubs

.v4_bx          0x0000000008004918        0x0
 .v4_bx         0x0000000008004918        0x0 linker stubs

.iplt           0x0000000008004918        0x0
 .iplt          0x0000000008004918        0x0 c:/st/stm32cubeide_1.3.0/stm32cubeide/plugins/com.st.stm32cube.ide.mcu.externaltools.gnu-tools-for-stm32.7-2018-q2-update.win32_1.4.0.202007081208/tools/bin/../lib/gcc/arm-none-eabi/7.3.1/thumb/v7e-m/fpv4-sp/hard/crtbegin.o

.rodata         0x0000000008004918       0xdc
                0x0000000008004918                . = ALIGN (0x4)
 *(.rodata)
 .rodata        0x0000000008004918       0xbb Core/Src/main.o
 *fill*         0x00000000080049d3        0x1 
 .rodata        0x00000000080049d4        0x5 Middlewares/Third_Party/FreeRTOS/Source/tasks.o
 *(.rodata*)
 *fill*         0x00000000080049d9        0x3 
 .rodata.AHBPrescTable
                0x00000000080049dc       0x10 Core/Src/system_stm32f4xx.o
                0x00000000080049dc                AHBPrescTable
 .rodata.APBPrescTable
                0x00000000080049ec        0x8 Core/Src/system_stm32f4xx.o
                0x00000000080049ec                APBPrescTable
                0x00000000080049f4                . = ALIGN (0x4)

.ARM.extab      0x00000000080049f4        0x0
                0x00000000080049f4                . = ALIGN (0x4)
 *(.ARM.extab* .gnu.linkonce.armextab.*)
                0x00000000080049f4                . = ALIGN (0x4)

.ARM            0x00000000080049f4        0x8
                0x00000000080049f4                . = ALIGN (0x4)
                0x00000000080049f4                __exidx_start = .
 *(.ARM.exidx*)
 .ARM.exidx     0x00000000080049f4        0x8 c:/st/stm32cubeide_1.3.0/stm32cubeide/plugins/com.st.stm32cube.ide.mcu.externaltools.gnu-tools-for-stm32.7-2018-q2-update.win32_1.4.0.202007081208/tools/bin/../lib/gcc/arm-none-eabi/7.3.1/thumb/v7e-m/fpv4-sp/hard\libgcc.a(_udivmoddi4.o)
                0x00000000080049fc                __exidx_end = .
                0x00000000080049fc                . = ALIGN (0x4)

.rel.dyn        0x00000000080049fc        0x0
 .rel.iplt      0x00000000080049fc        0x0 c:/st/stm32cubeide_1.3.0/stm32cubeide/plugins/com.st.stm32cube.ide.mcu.externaltools.gnu-tools-for-stm32.7-2018-q2-update.win32_1.4.0.202007081208/tools/bin/../lib/gcc/arm-none-eabi/7.3.1/thumb/v7e-m/fpv4-sp/hard/crtbegin.o

.preinit_array  0x00000000080049fc        0x0
                0x00000000080049fc                . = ALIGN (0x4)
                0x00000000080049fc                PROVIDE (__preinit_array_start = .)
 *(.preinit_array*)
                0x00000000080049fc                PROVIDE (__preinit_array_end = .)
                0x00000000080049fc                . = ALIGN (0x4)

.init_array     0x00000000080049fc        0x4
                0x00000000080049fc                . = ALIGN (0x4)
                0x00000000080049fc                PROVIDE (__init_array_start = .)
 *(SORT_BY_NAME(.init_array.*))
 *(.init_array*)
 .init_array    0x00000000080049fc        0x4 c:/st/stm32cubeide_1.3.0/stm32cubeide/plugins/com.st.stm32cube.ide.mcu.externaltools.gnu-tools-for-stm32.7-2018-q2-update.win32_1.4.0.202007081208/tools/bin/../lib/gcc/arm-none-eabi/7.3.1/thumb/v7e-m/fpv4-sp/hard/crtbegin.o
                0x0000000008004a00                PROVIDE (__init_array_end = .)
                0x0000000008004a00                . = ALIGN (0x4)

.fini_array     0x0000000008004a00        0x4
                0x0000000008004a00                . = ALIGN (0x4)
                [!provide]                        PROVIDE (__fini_array_start = .)
 *(SORT_BY_NAME(.fini_array.*))
 *(.fini_array*)
 .fini_array    0x0000000008004a00        0x4 c:/st/stm32cubeide_1.3.0/stm32cubeide/plugins/com.st.stm32cube.ide.mcu.externaltools.gnu-tools-for-stm32.7-2018-q2-update.win32_1.4.0.202007081208/tools/bin/../lib/gcc/arm-none-eabi/7.3.1/thumb/v7e-m/fpv4-sp/hard/crtbegin.o
                [!provide]                        PROVIDE (__fini_array_end = .)
                0x0000000008004a04                . = ALIGN (0x4)
                0x0000000008004a04                _sidata = LOADADDR (.data)

.data           0x0000000020000000       0x10 load address 0x0000000008004a04
                0x0000000020000000                . = ALIGN (0x4)
                0x0000000020000000                _sdata = .
 *(.data)
 *(.data*)
 .data.SystemCoreClock
                0x0000000020000000        0x4 Core/Src/system_stm32f4xx.o
                0x0000000020000000                SystemCoreClock
 .data.uwTickPrio
                0x0000000020000004        0x4 Drivers/STM32F4xx_HAL_Driver/Src/stm32f4xx_hal.o
                0x0000000020000004                uwTickPrio
 .data.uwTickFreq
                0x0000000020000008        0x1 Drivers/STM32F4xx_HAL_Driver/Src/stm32f4xx_hal.o
                0x0000000020000008                uwTickFreq
 *fill*         0x0000000020000009        0x3 
 .data.uxCriticalNesting
                0x000000002000000c        0x4 Middlewares/Third_Party/FreeRTOS/Source/portable/GCC/ARM_CM4F/port.o
                0x0000000020000010                . = ALIGN (0x4)
                0x0000000020000010                _edata = .

.igot.plt       0x0000000020000010        0x0 load address 0x0000000008004a14
 .igot.plt      0x0000000020000010        0x0 c:/st/stm32cubeide_1.3.0/stm32cubeide/plugins/com.st.stm32cube.ide.mcu.externaltools.gnu-tools-for-stm32.7-2018-q2-update.win32_1.4.0.202007081208/tools/bin/../lib/gcc/arm-none-eabi/7.3.1/thumb/v7e-m/fpv4-sp/hard/crtbegin.o
                0x0000000020000010                . = ALIGN (0x4)

.bss            0x0000000020000010     0x4058 load address 0x0000000008004a14
                0x0000000020000010                _sbss = .
                0x0000000020000010                __bss_start__ = _sbss
 *(.bss)
 .bss           0x0000000020000010       0x1c c:/st/stm32cubeide_1.3.0/stm32cubeide/plugins/com.st.stm32cube.ide.mcu.externaltools.gnu-tools-for-stm32.7-2018-q2-update.win32_1.4.0.202007081208/tools/bin/../lib/gcc/arm-none-eabi/7.3.1/thumb/v7e-m/fpv4-sp/hard/crtbegin.o
 *(.bss*)
 .bss.xIdleTaskTCBBuffer
                0x000000002000002c       0x54 Core/Src/freertos.o
 .bss.xIdleStack
                0x0000000020000080      0x200 Core/Src/freertos.o
 .bss.xQueue1   0x0000000020000280        0x4 Core/Src/main.o
                0x0000000020000280                xQueue1
 .bss.xQueue2   0x0000000020000284        0x4 Core/Src/main.o
                0x0000000020000284                xQueue2
 .bss.xQueueSet
                0x0000000020000288        0x4 Core/Src/main.o
                0x0000000020000288                xQueueSet
 .bss.pxCurrentTCB
                0x000000002000028c        0x4 Middlewares/Third_Party/FreeRTOS/Source/tasks.o
                0x000000002000028c                pxCurrentTCB
 .bss.pxReadyTasksLists
                0x0000000020000290       0x8c Middlewares/Third_Party/FreeRTOS/Source/tasks.o
 .bss.xDelayedTaskList1
                0x000000002000031c       0x14 Middlewares/Third_Party/FreeRTOS/Source/tasks.o
 .bss.xDelayedTaskList2
                0x0000000020000330       0x14 Middlewares/Third_Party/FreeRTOS/Source/tasks.o
 .bss.pxDelayedTaskList
                0x0000000020000344        0x4 Middlewares/Third_Party/FreeRTOS/Source/tasks.o
 .bss.pxOverflowDelayedTaskList
                0x0000000020000348        0x4 Middlewares/Third_Party/FreeRTOS/Source/tasks.o
 .bss.xPendingReadyList
                0x000000002000034c       0x14 Middlewares/Third_Party/FreeRTOS/Source/tasks.o
 .bss.xTasksWaitingTermination
                0x0000000020000360       0x14 Middlewares/Third_Party/FreeRTOS/Source/tasks.o
 .bss.uxDeletedTasksWaitingCleanUp
                0x0000000020000374        0x4 Middlewares/Third_Party/FreeRTOS/Source/tasks.o
 .bss.xSuspendedTaskList
                0x0000000020000378       0x14 Middlewares/Third_Party/FreeRTOS/Source/tasks.o
 .bss.uxCurrentNumberOfTasks
                0x000000002000038c        0x4 Middlewares/Third_Party/FreeRTOS/Source/tasks.o
 .bss.xTickCount
                0x0000000020000390        0x4 Middlewares/Third_Party/FreeRTOS/Source/tasks.o
 .bss.uxTopReadyPriority
                0x0000000020000394        0x4 Middlewares/Third_Party/FreeRTOS/Source/tasks.o
 .bss.xSchedulerRunning
                0x0000000020000398        0x4 Middlewares/Third_Party/FreeRTOS/Source/tasks.o
 .bss.uxPendedTicks
                0x000000002000039c        0x4 Middlewares/Third_Party/FreeRTOS/Source/tasks.o
 .bss.xYieldPending
                0x00000000200003a0        0x4 Middlewares/Third_Party/FreeRTOS/Source/tasks.o
 .bss.xNumOfOverflows
                0x00000000200003a4        0x4 Middlewares/Third_Party/FreeRTOS/Source/tasks.o
 .bss.uxTaskNumber
                0x00000000200003a8        0x4 Middlewares/Third_Party/FreeRTOS/Source/tasks.o
 .bss.xNextTaskUnblockTime
                0x00000000200003ac        0x4 Middlewares/Third_Party/FreeRTOS/Source/tasks.o
 .bss.xIdleTaskHandle
                0x00000000200003b0        0x4 Middlewares/Third_Party/FreeRTOS/Source/tasks.o
 .bss.uxSchedulerSuspended
                0x00000000200003b4        0x4 Middlewares/Third_Party/FreeRTOS/Source/tasks.o
 .bss.ucMaxSysCallPriority
                0x00000000200003b8        0x1 Middlewares/Third_Party/FreeRTOS/Source/portable/GCC/ARM_CM4F/port.o
 *fill*         0x00000000200003b9        0x3 
 .bss.ulMaxPRIGROUPValue
                0x00000000200003bc        0x4 Middlewares/Third_Party/FreeRTOS/Source/portable/GCC/ARM_CM4F/port.o
 .bss.ucHeap    0x00000000200003c0     0x3c00 Middlewares/Third_Party/FreeRTOS/Source/portable/MemMang/heap_4.o
 .bss.xStart    0x0000000020003fc0        0x8 Middlewares/Third_Party/FreeRTOS/Source/portable/MemMang/heap_4.o
 .bss.pxEnd     0x0000000020003fc8        0x4 Middlewares/Third_Party/FreeRTOS/Source/portable/MemMang/heap_4.o
 .bss.xFreeBytesRemaining
                0x0000000020003fcc        0x4 Middlewares/Third_Party/FreeRTOS/Source/portable/MemMang/heap_4.o
 .bss.xMinimumEverFreeBytesRemaining
                0x0000000020003fd0        0x4 Middlewares/Third_Party/FreeRTOS/Source/portable/MemMang/heap_4.o
 .bss.xBlockAllocatedBit
                0x0000000020003fd4        0x4 Middlewares/Third_Party/FreeRTOS/Source/portable/MemMang/heap_4.o
 *(COMMON)
 COMMON         0x0000000020003fd8       0x4c Core/Src/main.o
                0x0000000020003fd8                ReceiverTaskHandle
                0x0000000020003fdc                SenderTask2Handle
                0x0000000020003fe0                huart2
                0x0000000020004020                SenderTask1Handle
 COMMON         0x0000000020004024       0x40 Core/Src/stm32f4xx_hal_timebase_tim.o
                0x0000000020004024                htim1
 COMMON         0x0000000020004064        0x4 Drivers/STM32F4xx_HAL_Driver/Src/stm32f4xx_hal.o
                0x0000000020004064                uwTick
                0x0000000020004068                . = ALIGN (0x4)
                0x0000000020004068                _ebss = .
                0x0000000020004068                __bss_end__ = _ebss

._user_heap_stack
                0x0000000020004068      0x600 load address 0x0000000008004a14
                0x0000000020004068                . = ALIGN (0x8)
                [!provide]                        PROVIDE (end = .)
                0x0000000020004068                PROVIDE (_end = .)
                0x0000000020004268                . = (. + _Min_Heap_Size)
 *fill*         0x0000000020004068      0x200 
                0x0000000020004668                . = (. + _Min_Stack_Size)
 *fill*         0x0000000020004268      0x400 
                0x0000000020004668                . = ALIGN (0x8)

/DISCARD/
 libc.a(*)
 libm.a(*)
 libgcc.a(*)

.ARM.attributes
                0x0000000000000000       0x30
 *(.ARM.attributes)
 .ARM.attributes
                0x0000000000000000       0x22 c:/st/stm32cubeide_1.3.0/stm32cubeide/plugins/com.st.stm32cube.ide.mcu.externaltools.gnu-tools-for-stm32.7-2018-q2-update.win32_1.4.0.202007081208/tools/bin/../lib/gcc/arm-none-eabi/7.3.1/thumb/v7e-m/fpv4-sp/hard/crti.o
 .ARM.attributes
                0x0000000000000022       0x34 c:/st/stm32cubeide_1.3.0/stm32cubeide/plugins/com.st.stm32cube.ide.mcu.externaltools.gnu-tools-for-stm32.7-2018-q2-update.win32_1.4.0.202007081208/tools/bin/../lib/gcc/arm-none-eabi/7.3.1/thumb/v7e-m/fpv4-sp/hard/crtbegin.o
 .ARM.attributes
                0x0000000000000056       0x39 Core/Src/freertos.o
 .ARM.attributes
                0x000000000000008f       0x39 Core/Src/main.o
 .ARM.attributes
                0x00000000000000c8       0x39 Core/Src/stm32f4xx_hal_msp.o
 .ARM.attributes
                0x0000000000000101       0x39 Core/Src/stm32f4xx_hal_timebase_tim.o
 .ARM.attributes
                0x000000000000013a       0x39 Core/Src/stm32f4xx_it.o
 .ARM.attributes
                0x0000000000000173       0x39 Core/Src/system_stm32f4xx.o
 .ARM.attributes
                0x00000000000001ac       0x21 Core/Startup/startup_stm32f407vgtx.o
 .ARM.attributes
                0x00000000000001cd       0x39 Drivers/STM32F4xx_HAL_Driver/Src/stm32f4xx_hal.o
 .ARM.attributes
                0x0000000000000206       0x39 Drivers/STM32F4xx_HAL_Driver/Src/stm32f4xx_hal_cortex.o
 .ARM.attributes
                0x000000000000023f       0x39 Drivers/STM32F4xx_HAL_Driver/Src/stm32f4xx_hal_gpio.o
 .ARM.attributes
                0x0000000000000278       0x39 Drivers/STM32F4xx_HAL_Driver/Src/stm32f4xx_hal_rcc.o
 .ARM.attributes
                0x00000000000002b1       0x39 Drivers/STM32F4xx_HAL_Driver/Src/stm32f4xx_hal_tim.o
 .ARM.attributes
                0x00000000000002ea       0x39 Drivers/STM32F4xx_HAL_Driver/Src/stm32f4xx_hal_tim_ex.o
 .ARM.attributes
                0x0000000000000323       0x39 Drivers/STM32F4xx_HAL_Driver/Src/stm32f4xx_hal_uart.o
 .ARM.attributes
                0x000000000000035c       0x39 Middlewares/Third_Party/FreeRTOS/Source/CMSIS_RTOS/cmsis_os.o
 .ARM.attributes
                0x0000000000000395       0x39 Middlewares/Third_Party/FreeRTOS/Source/list.o
 .ARM.attributes
                0x00000000000003ce       0x39 Middlewares/Third_Party/FreeRTOS/Source/queue.o
 .ARM.attributes
                0x0000000000000407       0x39 Middlewares/Third_Party/FreeRTOS/Source/tasks.o
 .ARM.attributes
                0x0000000000000440       0x39 Middlewares/Third_Party/FreeRTOS/Source/portable/GCC/ARM_CM4F/port.o
 .ARM.attributes
                0x0000000000000479       0x39 Middlewares/Third_Party/FreeRTOS/Source/portable/MemMang/heap_4.o
 .ARM.attributes
                0x00000000000004b2       0x34 c:/st/stm32cubeide_1.3.0/stm32cubeide/plugins/com.st.stm32cube.ide.mcu.externaltools.gnu-tools-for-stm32.7-2018-q2-update.win32_1.4.0.202007081208/tools/bin/../lib/gcc/arm-none-eabi/7.3.1/../../../../arm-none-eabi/lib/thumb/v7e-m/fpv4-sp/hard\libc_nano.a(lib_a-init.o)
 .ARM.attributes
                0x00000000000004e6       0x34 c:/st/stm32cubeide_1.3.0/stm32cubeide/plugins/com.st.stm32cube.ide.mcu.externaltools.gnu-tools-for-stm32.7-2018-q2-update.win32_1.4.0.202007081208/tools/bin/../lib/gcc/arm-none-eabi/7.3.1/../../../../arm-none-eabi/lib/thumb/v7e-m/fpv4-sp/hard\libc_nano.a(lib_a-memcpy-stub.o)
 .ARM.attributes
                0x000000000000051a       0x34 c:/st/stm32cubeide_1.3.0/stm32cubeide/plugins/com.st.stm32cube.ide.mcu.externaltools.gnu-tools-for-stm32.7-2018-q2-update.win32_1.4.0.202007081208/tools/bin/../lib/gcc/arm-none-eabi/7.3.1/../../../../arm-none-eabi/lib/thumb/v7e-m/fpv4-sp/hard\libc_nano.a(lib_a-memset.o)
 .ARM.attributes
                0x000000000000054e       0x1b c:/st/stm32cubeide_1.3.0/stm32cubeide/plugins/com.st.stm32cube.ide.mcu.externaltools.gnu-tools-for-stm32.7-2018-q2-update.win32_1.4.0.202007081208/tools/bin/../lib/gcc/arm-none-eabi/7.3.1/../../../../arm-none-eabi/lib/thumb/v7e-m/fpv4-sp/hard\libc_nano.a(lib_a-strlen.o)
 .ARM.attributes
                0x0000000000000569       0x22 c:/st/stm32cubeide_1.3.0/stm32cubeide/plugins/com.st.stm32cube.ide.mcu.externaltools.gnu-tools-for-stm32.7-2018-q2-update.win32_1.4.0.202007081208/tools/bin/../lib/gcc/arm-none-eabi/7.3.1/thumb/v7e-m/fpv4-sp/hard\libgcc.a(_aeabi_uldivmod.o)
 .ARM.attributes
                0x000000000000058b       0x34 c:/st/stm32cubeide_1.3.0/stm32cubeide/plugins/com.st.stm32cube.ide.mcu.externaltools.gnu-tools-for-stm32.7-2018-q2-update.win32_1.4.0.202007081208/tools/bin/../lib/gcc/arm-none-eabi/7.3.1/thumb/v7e-m/fpv4-sp/hard\libgcc.a(_udivmoddi4.o)
 .ARM.attributes
                0x00000000000005bf       0x22 c:/st/stm32cubeide_1.3.0/stm32cubeide/plugins/com.st.stm32cube.ide.mcu.externaltools.gnu-tools-for-stm32.7-2018-q2-update.win32_1.4.0.202007081208/tools/bin/../lib/gcc/arm-none-eabi/7.3.1/thumb/v7e-m/fpv4-sp/hard\libgcc.a(_dvmd_tls.o)
 .ARM.attributes
                0x00000000000005e1       0x22 c:/st/stm32cubeide_1.3.0/stm32cubeide/plugins/com.st.stm32cube.ide.mcu.externaltools.gnu-tools-for-stm32.7-2018-q2-update.win32_1.4.0.202007081208/tools/bin/../lib/gcc/arm-none-eabi/7.3.1/thumb/v7e-m/fpv4-sp/hard/crtn.o
OUTPUT(FreeRTOS_2_QueueYonetimi_3.elf elf32-littlearm)

.debug_info     0x0000000000000000    0x13117
 .debug_info    0x0000000000000000      0x344 Core/Src/freertos.o
 .debug_info    0x0000000000000344     0x19c0 Core/Src/main.o
 .debug_info    0x0000000000001d04      0x941 Core/Src/stm32f4xx_hal_msp.o
 .debug_info    0x0000000000002645      0xb2d Core/Src/stm32f4xx_hal_timebase_tim.o
 .debug_info    0x0000000000003172      0x6b8 Core/Src/stm32f4xx_it.o
 .debug_info    0x000000000000382a      0x554 Core/Src/system_stm32f4xx.o
 .debug_info    0x0000000000003d7e       0x22 Core/Startup/startup_stm32f407vgtx.o
 .debug_info    0x0000000000003da0      0x945 Drivers/STM32F4xx_HAL_Driver/Src/stm32f4xx_hal.o
 .debug_info    0x00000000000046e5      0xe28 Drivers/STM32F4xx_HAL_Driver/Src/stm32f4xx_hal_cortex.o
 .debug_info    0x000000000000550d      0x7b5 Drivers/STM32F4xx_HAL_Driver/Src/stm32f4xx_hal_gpio.o
 .debug_info    0x0000000000005cc2      0x904 Drivers/STM32F4xx_HAL_Driver/Src/stm32f4xx_hal_rcc.o
 .debug_info    0x00000000000065c6     0x24a9 Drivers/STM32F4xx_HAL_Driver/Src/stm32f4xx_hal_tim.o
 .debug_info    0x0000000000008a6f     0x1157 Drivers/STM32F4xx_HAL_Driver/Src/stm32f4xx_hal_tim_ex.o
 .debug_info    0x0000000000009bc6     0x124c Drivers/STM32F4xx_HAL_Driver/Src/stm32f4xx_hal_uart.o
 .debug_info    0x000000000000ae12     0x1f7a Middlewares/Third_Party/FreeRTOS/Source/CMSIS_RTOS/cmsis_os.o
 .debug_info    0x000000000000cd8c      0xacb Middlewares/Third_Party/FreeRTOS/Source/list.o
 .debug_info    0x000000000000d857     0x223a Middlewares/Third_Party/FreeRTOS/Source/queue.o
 .debug_info    0x000000000000fa91     0x2569 Middlewares/Third_Party/FreeRTOS/Source/tasks.o
 .debug_info    0x0000000000011ffa      0x533 Middlewares/Third_Party/FreeRTOS/Source/portable/GCC/ARM_CM4F/port.o
 .debug_info    0x000000000001252d      0xbea Middlewares/Third_Party/FreeRTOS/Source/portable/MemMang/heap_4.o

.debug_abbrev   0x0000000000000000     0x291b
 .debug_abbrev  0x0000000000000000      0x109 Core/Src/freertos.o
 .debug_abbrev  0x0000000000000109      0x28f Core/Src/main.o
 .debug_abbrev  0x0000000000000398      0x18c Core/Src/stm32f4xx_hal_msp.o
 .debug_abbrev  0x0000000000000524      0x19d Core/Src/stm32f4xx_hal_timebase_tim.o
 .debug_abbrev  0x00000000000006c1      0x15a Core/Src/stm32f4xx_it.o
 .debug_abbrev  0x000000000000081b      0x12b Core/Src/system_stm32f4xx.o
 .debug_abbrev  0x0000000000000946       0x12 Core/Startup/startup_stm32f407vgtx.o
 .debug_abbrev  0x0000000000000958      0x1c7 Drivers/STM32F4xx_HAL_Driver/Src/stm32f4xx_hal.o
 .debug_abbrev  0x0000000000000b1f      0x2fa Drivers/STM32F4xx_HAL_Driver/Src/stm32f4xx_hal_cortex.o
 .debug_abbrev  0x0000000000000e19      0x1c9 Drivers/STM32F4xx_HAL_Driver/Src/stm32f4xx_hal_gpio.o
 .debug_abbrev  0x0000000000000fe2      0x245 Drivers/STM32F4xx_HAL_Driver/Src/stm32f4xx_hal_rcc.o
 .debug_abbrev  0x0000000000001227      0x230 Drivers/STM32F4xx_HAL_Driver/Src/stm32f4xx_hal_tim.o
 .debug_abbrev  0x0000000000001457      0x21e Drivers/STM32F4xx_HAL_Driver/Src/stm32f4xx_hal_tim_ex.o
 .debug_abbrev  0x0000000000001675      0x242 Drivers/STM32F4xx_HAL_Driver/Src/stm32f4xx_hal_uart.o
 .debug_abbrev  0x00000000000018b7      0x379 Middlewares/Third_Party/FreeRTOS/Source/CMSIS_RTOS/cmsis_os.o
 .debug_abbrev  0x0000000000001c30      0x1cf Middlewares/Third_Party/FreeRTOS/Source/list.o
 .debug_abbrev  0x0000000000001dff      0x336 Middlewares/Third_Party/FreeRTOS/Source/queue.o
 .debug_abbrev  0x0000000000002135      0x338 Middlewares/Third_Party/FreeRTOS/Source/tasks.o
 .debug_abbrev  0x000000000000246d      0x210 Middlewares/Third_Party/FreeRTOS/Source/portable/GCC/ARM_CM4F/port.o
 .debug_abbrev  0x000000000000267d      0x29e Middlewares/Third_Party/FreeRTOS/Source/portable/MemMang/heap_4.o

.debug_aranges  0x0000000000000000     0x1118
 .debug_aranges
                0x0000000000000000       0x20 Core/Src/freertos.o
 .debug_aranges
                0x0000000000000020       0x68 Core/Src/main.o
 .debug_aranges
                0x0000000000000088       0x30 Core/Src/stm32f4xx_hal_msp.o
 .debug_aranges
                0x00000000000000b8       0x30 Core/Src/stm32f4xx_hal_timebase_tim.o
 .debug_aranges
                0x00000000000000e8       0x50 Core/Src/stm32f4xx_it.o
 .debug_aranges
                0x0000000000000138       0x28 Core/Src/system_stm32f4xx.o
 .debug_aranges
                0x0000000000000160       0x28 Core/Startup/startup_stm32f407vgtx.o
 .debug_aranges
                0x0000000000000188       0xf0 Drivers/STM32F4xx_HAL_Driver/Src/stm32f4xx_hal.o
 .debug_aranges
                0x0000000000000278      0x118 Drivers/STM32F4xx_HAL_Driver/Src/stm32f4xx_hal_cortex.o
 .debug_aranges
                0x0000000000000390       0x58 Drivers/STM32F4xx_HAL_Driver/Src/stm32f4xx_hal_gpio.o
 .debug_aranges
                0x00000000000003e8       0x88 Drivers/STM32F4xx_HAL_Driver/Src/stm32f4xx_hal_rcc.o
 .debug_aranges
                0x0000000000000470      0x3a8 Drivers/STM32F4xx_HAL_Driver/Src/stm32f4xx_hal_tim.o
 .debug_aranges
                0x0000000000000818      0x150 Drivers/STM32F4xx_HAL_Driver/Src/stm32f4xx_hal_tim_ex.o
 .debug_aranges
                0x0000000000000968      0x1d0 Drivers/STM32F4xx_HAL_Driver/Src/stm32f4xx_hal_uart.o
 .debug_aranges
                0x0000000000000b38      0x1e8 Middlewares/Third_Party/FreeRTOS/Source/CMSIS_RTOS/cmsis_os.o
 .debug_aranges
                0x0000000000000d20       0x40 Middlewares/Third_Party/FreeRTOS/Source/list.o
 .debug_aranges
                0x0000000000000d60      0x138 Middlewares/Third_Party/FreeRTOS/Source/queue.o
 .debug_aranges
                0x0000000000000e98      0x1b0 Middlewares/Third_Party/FreeRTOS/Source/tasks.o
 .debug_aranges
                0x0000000000001048       0x80 Middlewares/Third_Party/FreeRTOS/Source/portable/GCC/ARM_CM4F/port.o
 .debug_aranges
                0x00000000000010c8       0x50 Middlewares/Third_Party/FreeRTOS/Source/portable/MemMang/heap_4.o

.debug_ranges   0x0000000000000000      0xfe0
 .debug_ranges  0x0000000000000000       0x10 Core/Src/freertos.o
 .debug_ranges  0x0000000000000010       0x58 Core/Src/main.o
 .debug_ranges  0x0000000000000068       0x20 Core/Src/stm32f4xx_hal_msp.o
 .debug_ranges  0x0000000000000088       0x20 Core/Src/stm32f4xx_hal_timebase_tim.o
 .debug_ranges  0x00000000000000a8       0x40 Core/Src/stm32f4xx_it.o
 .debug_ranges  0x00000000000000e8       0x18 Core/Src/system_stm32f4xx.o
 .debug_ranges  0x0000000000000100       0x20 Core/Startup/startup_stm32f407vgtx.o
 .debug_ranges  0x0000000000000120       0xe0 Drivers/STM32F4xx_HAL_Driver/Src/stm32f4xx_hal.o
 .debug_ranges  0x0000000000000200      0x108 Drivers/STM32F4xx_HAL_Driver/Src/stm32f4xx_hal_cortex.o
 .debug_ranges  0x0000000000000308       0x48 Drivers/STM32F4xx_HAL_Driver/Src/stm32f4xx_hal_gpio.o
 .debug_ranges  0x0000000000000350       0x78 Drivers/STM32F4xx_HAL_Driver/Src/stm32f4xx_hal_rcc.o
 .debug_ranges  0x00000000000003c8      0x398 Drivers/STM32F4xx_HAL_Driver/Src/stm32f4xx_hal_tim.o
 .debug_ranges  0x0000000000000760      0x140 Drivers/STM32F4xx_HAL_Driver/Src/stm32f4xx_hal_tim_ex.o
 .debug_ranges  0x00000000000008a0      0x1c0 Drivers/STM32F4xx_HAL_Driver/Src/stm32f4xx_hal_uart.o
 .debug_ranges  0x0000000000000a60      0x1d8 Middlewares/Third_Party/FreeRTOS/Source/CMSIS_RTOS/cmsis_os.o
 .debug_ranges  0x0000000000000c38       0x30 Middlewares/Third_Party/FreeRTOS/Source/list.o
 .debug_ranges  0x0000000000000c68      0x128 Middlewares/Third_Party/FreeRTOS/Source/queue.o
 .debug_ranges  0x0000000000000d90      0x1a0 Middlewares/Third_Party/FreeRTOS/Source/tasks.o
 .debug_ranges  0x0000000000000f30       0x70 Middlewares/Third_Party/FreeRTOS/Source/portable/GCC/ARM_CM4F/port.o
 .debug_ranges  0x0000000000000fa0       0x40 Middlewares/Third_Party/FreeRTOS/Source/portable/MemMang/heap_4.o

.debug_macro    0x0000000000000000    0x22907
 .debug_macro   0x0000000000000000      0x245 Core/Src/freertos.o
 .debug_macro   0x0000000000000245      0xa5a Core/Src/freertos.o
 .debug_macro   0x0000000000000c9f      0x174 Core/Src/freertos.o
 .debug_macro   0x0000000000000e13       0x22 Core/Src/freertos.o
 .debug_macro   0x0000000000000e35       0x8e Core/Src/freertos.o
 .debug_macro   0x0000000000000ec3       0x51 Core/Src/freertos.o
 .debug_macro   0x0000000000000f14       0xef Core/Src/freertos.o
 .debug_macro   0x0000000000001003       0x6a Core/Src/freertos.o
 .debug_macro   0x000000000000106d      0x1df Core/Src/freertos.o
 .debug_macro   0x000000000000124c       0xf7 Core/Src/freertos.o
 .debug_macro   0x0000000000001343      0x15a Core/Src/freertos.o
 .debug_macro   0x000000000000149d       0xde Core/Src/freertos.o
 .debug_macro   0x000000000000157b       0x1c Core/Src/freertos.o
 .debug_macro   0x0000000000001597       0x26 Core/Src/freertos.o
 .debug_macro   0x00000000000015bd      0x4da Core/Src/freertos.o
 .debug_macro   0x0000000000001a97       0xb5 Core/Src/freertos.o
 .debug_macro   0x0000000000001b4c       0xaa Core/Src/freertos.o
 .debug_macro   0x0000000000001bf6      0x294 Core/Src/freertos.o
 .debug_macro   0x0000000000001e8a       0x2e Core/Src/freertos.o
 .debug_macro   0x0000000000001eb8       0x2f Core/Src/freertos.o
 .debug_macro   0x0000000000001ee7       0x1c Core/Src/freertos.o
 .debug_macro   0x0000000000001f03       0x22 Core/Src/freertos.o
 .debug_macro   0x0000000000001f25       0xdf Core/Src/freertos.o
 .debug_macro   0x0000000000002004     0x102d Core/Src/freertos.o
 .debug_macro   0x0000000000003031      0x11f Core/Src/freertos.o
 .debug_macro   0x0000000000003150    0x15e3c Core/Src/freertos.o
 .debug_macro   0x0000000000018f8c       0x43 Core/Src/freertos.o
 .debug_macro   0x0000000000018fcf     0x3659 Core/Src/freertos.o
 .debug_macro   0x000000000001c628       0x5a Core/Src/freertos.o
 .debug_macro   0x000000000001c682      0x96b Core/Src/freertos.o
 .debug_macro   0x000000000001cfed      0x9fe Core/Src/freertos.o
 .debug_macro   0x000000000001d9eb      0x117 Core/Src/freertos.o
 .debug_macro   0x000000000001db02      0x13e Core/Src/freertos.o
 .debug_macro   0x000000000001dc40       0x27 Core/Src/freertos.o
 .debug_macro   0x000000000001dc67      0x174 Core/Src/freertos.o
 .debug_macro   0x000000000001dddb      0x287 Core/Src/freertos.o
 .debug_macro   0x000000000001e062       0x5f Core/Src/freertos.o
 .debug_macro   0x000000000001e0c1      0x236 Core/Src/freertos.o
 .debug_macro   0x000000000001e2f7      0x12c Core/Src/freertos.o
 .debug_macro   0x000000000001e423      0x21e Core/Src/freertos.o
 .debug_macro   0x000000000001e641       0x2e Core/Src/freertos.o
 .debug_macro   0x000000000001e66f      0x11a Core/Src/freertos.o
 .debug_macro   0x000000000001e789       0x7e Core/Src/freertos.o
 .debug_macro   0x000000000001e807       0x89 Core/Src/freertos.o
 .debug_macro   0x000000000001e890      0x8a0 Core/Src/freertos.o
 .debug_macro   0x000000000001f130       0x47 Core/Src/freertos.o
 .debug_macro   0x000000000001f177      0x287 Core/Src/freertos.o
 .debug_macro   0x000000000001f3fe      0x12d Core/Src/freertos.o
 .debug_macro   0x000000000001f52b       0x40 Core/Src/freertos.o
 .debug_macro   0x000000000001f56b      0x416 Core/Src/main.o
 .debug_macro   0x000000000001f981       0xf7 Core/Src/main.o
 .debug_macro   0x000000000001fa78       0x91 Core/Src/main.o
 .debug_macro   0x000000000001fb09       0x8d Core/Src/main.o
 .debug_macro   0x000000000001fb96       0x7e Core/Src/main.o
 .debug_macro   0x000000000001fc14       0x19 Core/Src/main.o
 .debug_macro   0x000000000001fc2d       0xf2 Core/Src/main.o
 .debug_macro   0x000000000001fd1f       0x46 Core/Src/main.o
 .debug_macro   0x000000000001fd65       0x18 Core/Src/main.o
 .debug_macro   0x000000000001fd7d       0x3c Core/Src/main.o
 .debug_macro   0x000000000001fdb9       0x34 Core/Src/main.o
 .debug_macro   0x000000000001fded       0x52 Core/Src/main.o
 .debug_macro   0x000000000001fe3f       0x1f Core/Src/main.o
 .debug_macro   0x000000000001fe5e       0x43 Core/Src/main.o
 .debug_macro   0x000000000001fea1       0x20 Core/Src/main.o
 .debug_macro   0x000000000001fec1      0x1a3 Core/Src/main.o
 .debug_macro   0x0000000000020064      0x32a Core/Src/main.o
 .debug_macro   0x000000000002038e       0x10 Core/Src/main.o
 .debug_macro   0x000000000002039e       0x35 Core/Src/main.o
 .debug_macro   0x00000000000203d3       0x20 Core/Src/main.o
 .debug_macro   0x00000000000203f3       0x1c Core/Src/main.o
 .debug_macro   0x000000000002040f       0x10 Core/Src/main.o
 .debug_macro   0x000000000002041f       0x10 Core/Src/main.o
 .debug_macro   0x000000000002042f       0x1c Core/Src/main.o
 .debug_macro   0x000000000002044b       0x52 Core/Src/main.o
 .debug_macro   0x000000000002049d       0x40 Core/Src/main.o
 .debug_macro   0x00000000000204dd       0x10 Core/Src/main.o
 .debug_macro   0x00000000000204ed       0x40 Core/Src/main.o
 .debug_macro   0x000000000002052d       0xd7 Core/Src/main.o
 .debug_macro   0x0000000000020604       0x1c Core/Src/main.o
 .debug_macro   0x0000000000020620       0x3d Core/Src/main.o
 .debug_macro   0x000000000002065d       0x16 Core/Src/main.o
 .debug_macro   0x0000000000020673      0x145 Core/Src/main.o
 .debug_macro   0x00000000000207b8      0x1dd Core/Src/stm32f4xx_hal_msp.o
 .debug_macro   0x0000000000020995      0x1ce Core/Src/stm32f4xx_hal_timebase_tim.o
 .debug_macro   0x0000000000020b63      0x1e7 Core/Src/stm32f4xx_it.o
 .debug_macro   0x0000000000020d4a      0x1d4 Core/Src/system_stm32f4xx.o
 .debug_macro   0x0000000000020f1e      0x22e Drivers/STM32F4xx_HAL_Driver/Src/stm32f4xx_hal.o
 .debug_macro   0x000000000002114c      0x1ce Drivers/STM32F4xx_HAL_Driver/Src/stm32f4xx_hal_cortex.o
 .debug_macro   0x000000000002131a      0x204 Drivers/STM32F4xx_HAL_Driver/Src/stm32f4xx_hal_gpio.o
 .debug_macro   0x000000000002151e      0x1f2 Drivers/STM32F4xx_HAL_Driver/Src/stm32f4xx_hal_rcc.o
 .debug_macro   0x0000000000021710      0x1cf Drivers/STM32F4xx_HAL_Driver/Src/stm32f4xx_hal_tim.o
 .debug_macro   0x00000000000218df      0x1ce Drivers/STM32F4xx_HAL_Driver/Src/stm32f4xx_hal_tim_ex.o
 .debug_macro   0x0000000000021aad      0x1cf Drivers/STM32F4xx_HAL_Driver/Src/stm32f4xx_hal_uart.o
 .debug_macro   0x0000000000021c7c      0x1f1 Middlewares/Third_Party/FreeRTOS/Source/CMSIS_RTOS/cmsis_os.o
 .debug_macro   0x0000000000021e6d       0xc7 Middlewares/Third_Party/FreeRTOS/Source/CMSIS_RTOS/cmsis_os.o
 .debug_macro   0x0000000000021f34      0x17a Middlewares/Third_Party/FreeRTOS/Source/list.o
 .debug_macro   0x00000000000220ae      0x209 Middlewares/Third_Party/FreeRTOS/Source/queue.o
 .debug_macro   0x00000000000222b7       0x16 Middlewares/Third_Party/FreeRTOS/Source/queue.o
 .debug_macro   0x00000000000222cd       0x87 Middlewares/Third_Party/FreeRTOS/Source/queue.o
 .debug_macro   0x0000000000022354      0x26c Middlewares/Third_Party/FreeRTOS/Source/tasks.o
 .debug_macro   0x00000000000225c0       0x10 Middlewares/Third_Party/FreeRTOS/Source/tasks.o
 .debug_macro   0x00000000000225d0      0x196 Middlewares/Third_Party/FreeRTOS/Source/portable/GCC/ARM_CM4F/port.o
 .debug_macro   0x0000000000022766      0x1a1 Middlewares/Third_Party/FreeRTOS/Source/portable/MemMang/heap_4.o

.debug_line     0x0000000000000000     0xcd01
 .debug_line    0x0000000000000000      0x7bb Core/Src/freertos.o
 .debug_line    0x00000000000007bb      0xb42 Core/Src/main.o
 .debug_line    0x00000000000012fd      0x6f0 Core/Src/stm32f4xx_hal_msp.o
 .debug_line    0x00000000000019ed      0x6f5 Core/Src/stm32f4xx_hal_timebase_tim.o
 .debug_line    0x00000000000020e2      0x743 Core/Src/stm32f4xx_it.o
 .debug_line    0x0000000000002825      0x6dc Core/Src/system_stm32f4xx.o
 .debug_line    0x0000000000002f01       0x85 Core/Startup/startup_stm32f407vgtx.o
 .debug_line    0x0000000000002f86      0x8c6 Drivers/STM32F4xx_HAL_Driver/Src/stm32f4xx_hal.o
 .debug_line    0x000000000000384c      0x9ea Drivers/STM32F4xx_HAL_Driver/Src/stm32f4xx_hal_cortex.o
 .debug_line    0x0000000000004236      0x8a5 Drivers/STM32F4xx_HAL_Driver/Src/stm32f4xx_hal_gpio.o
 .debug_line    0x0000000000004adb      0x91e Drivers/STM32F4xx_HAL_Driver/Src/stm32f4xx_hal_rcc.o
 .debug_line    0x00000000000053f9     0x193f Drivers/STM32F4xx_HAL_Driver/Src/stm32f4xx_hal_tim.o
 .debug_line    0x0000000000006d38      0xcdc Drivers/STM32F4xx_HAL_Driver/Src/stm32f4xx_hal_tim_ex.o
 .debug_line    0x0000000000007a14      0xfd4 Drivers/STM32F4xx_HAL_Driver/Src/stm32f4xx_hal_uart.o
 .debug_line    0x00000000000089e8      0xcf4 Middlewares/Third_Party/FreeRTOS/Source/CMSIS_RTOS/cmsis_os.o
 .debug_line    0x00000000000096dc      0x66c Middlewares/Third_Party/FreeRTOS/Source/list.o
 .debug_line    0x0000000000009d48     0x1047 Middlewares/Third_Party/FreeRTOS/Source/queue.o
 .debug_line    0x000000000000ad8f     0x117d Middlewares/Third_Party/FreeRTOS/Source/tasks.o
 .debug_line    0x000000000000bf0c      0x6a3 Middlewares/Third_Party/FreeRTOS/Source/portable/GCC/ARM_CM4F/port.o
 .debug_line    0x000000000000c5af      0x752 Middlewares/Third_Party/FreeRTOS/Source/portable/MemMang/heap_4.o

.debug_str      0x0000000000000000    0xd2925
 .debug_str     0x0000000000000000    0xc5f8f Core/Src/freertos.o
                                      0xc6245 (size before relaxing)
 .debug_str     0x00000000000c5f8f     0x6d65 Core/Src/main.o
                                      0xcd062 (size before relaxing)
 .debug_str     0x00000000000cccf4       0x56 Core/Src/stm32f4xx_hal_msp.o
                                      0xc2975 (size before relaxing)
 .debug_str     0x00000000000ccd4a      0x57b Core/Src/stm32f4xx_hal_timebase_tim.o
                                      0xc2dc1 (size before relaxing)
 .debug_str     0x00000000000cd2c5       0xab Core/Src/stm32f4xx_it.o
                                      0xc2874 (size before relaxing)
 .debug_str     0x00000000000cd370       0xc4 Core/Src/system_stm32f4xx.o
                                      0xc244b (size before relaxing)
 .debug_str     0x00000000000cd434       0x36 Core/Startup/startup_stm32f407vgtx.o
                                         0x83 (size before relaxing)
 .debug_str     0x00000000000cd46a      0x542 Drivers/STM32F4xx_HAL_Driver/Src/stm32f4xx_hal.o
                                      0xc2f18 (size before relaxing)
 .debug_str     0x00000000000cd9ac      0x389 Drivers/STM32F4xx_HAL_Driver/Src/stm32f4xx_hal_cortex.o
                                      0xc2d07 (size before relaxing)
 .debug_str     0x00000000000cdd35      0x20c Drivers/STM32F4xx_HAL_Driver/Src/stm32f4xx_hal_gpio.o
                                      0xc268a (size before relaxing)
 .debug_str     0x00000000000cdf41      0x24f Drivers/STM32F4xx_HAL_Driver/Src/stm32f4xx_hal_rcc.o
                                      0xc2838 (size before relaxing)
 .debug_str     0x00000000000ce190      0xd6f Drivers/STM32F4xx_HAL_Driver/Src/stm32f4xx_hal_tim.o
                                      0xc3557 (size before relaxing)
 .debug_str     0x00000000000ceeff      0x4ec Drivers/STM32F4xx_HAL_Driver/Src/stm32f4xx_hal_tim_ex.o
                                      0xc2d57 (size before relaxing)
 .debug_str     0x00000000000cf3eb      0x516 Drivers/STM32F4xx_HAL_Driver/Src/stm32f4xx_hal_uart.o
                                      0xc2c97 (size before relaxing)
 .debug_str     0x00000000000cf901      0x98d Middlewares/Third_Party/FreeRTOS/Source/CMSIS_RTOS/cmsis_os.o
                                       0xe232 (size before relaxing)
 .debug_str     0x00000000000d028e      0x219 Middlewares/Third_Party/FreeRTOS/Source/list.o
                                       0xa77d (size before relaxing)
 .debug_str     0x00000000000d04a7      0x8cd Middlewares/Third_Party/FreeRTOS/Source/queue.o
                                       0xc087 (size before relaxing)
 .debug_str     0x00000000000d0d74     0x1154 Middlewares/Third_Party/FreeRTOS/Source/tasks.o
                                       0xca27 (size before relaxing)
 .debug_str     0x00000000000d1ec8      0x803 Middlewares/Third_Party/FreeRTOS/Source/portable/GCC/ARM_CM4F/port.o
                                       0x8546 (size before relaxing)
 .debug_str     0x00000000000d26cb      0x25a Middlewares/Third_Party/FreeRTOS/Source/portable/MemMang/heap_4.o
                                       0xaf70 (size before relaxing)

.comment        0x0000000000000000       0x7b
 .comment       0x0000000000000000       0x7b Core/Src/freertos.o
                                         0x7c (size before relaxing)
 .comment       0x000000000000007b       0x7c Core/Src/main.o
 .comment       0x000000000000007b       0x7c Core/Src/stm32f4xx_hal_msp.o
 .comment       0x000000000000007b       0x7c Core/Src/stm32f4xx_hal_timebase_tim.o
 .comment       0x000000000000007b       0x7c Core/Src/stm32f4xx_it.o
 .comment       0x000000000000007b       0x7c Core/Src/system_stm32f4xx.o
 .comment       0x000000000000007b       0x7c Drivers/STM32F4xx_HAL_Driver/Src/stm32f4xx_hal.o
 .comment       0x000000000000007b       0x7c Drivers/STM32F4xx_HAL_Driver/Src/stm32f4xx_hal_cortex.o
 .comment       0x000000000000007b       0x7c Drivers/STM32F4xx_HAL_Driver/Src/stm32f4xx_hal_gpio.o
 .comment       0x000000000000007b       0x7c Drivers/STM32F4xx_HAL_Driver/Src/stm32f4xx_hal_rcc.o
 .comment       0x000000000000007b       0x7c Drivers/STM32F4xx_HAL_Driver/Src/stm32f4xx_hal_tim.o
 .comment       0x000000000000007b       0x7c Drivers/STM32F4xx_HAL_Driver/Src/stm32f4xx_hal_tim_ex.o
 .comment       0x000000000000007b       0x7c Drivers/STM32F4xx_HAL_Driver/Src/stm32f4xx_hal_uart.o
 .comment       0x000000000000007b       0x7c Middlewares/Third_Party/FreeRTOS/Source/CMSIS_RTOS/cmsis_os.o
 .comment       0x000000000000007b       0x7c Middlewares/Third_Party/FreeRTOS/Source/list.o
 .comment       0x000000000000007b       0x7c Middlewares/Third_Party/FreeRTOS/Source/queue.o
 .comment       0x000000000000007b       0x7c Middlewares/Third_Party/FreeRTOS/Source/tasks.o
 .comment       0x000000000000007b       0x7c Middlewares/Third_Party/FreeRTOS/Source/portable/GCC/ARM_CM4F/port.o
 .comment       0x000000000000007b       0x7c Middlewares/Third_Party/FreeRTOS/Source/portable/MemMang/heap_4.o

.debug_frame    0x0000000000000000     0x473c
 .debug_frame   0x0000000000000000       0x38 Core/Src/freertos.o
 .debug_frame   0x0000000000000038      0x160 Core/Src/main.o
 .debug_frame   0x0000000000000198       0x80 Core/Src/stm32f4xx_hal_msp.o
 .debug_frame   0x0000000000000218       0x74 Core/Src/stm32f4xx_hal_timebase_tim.o
 .debug_frame   0x000000000000028c       0xcc Core/Src/stm32f4xx_it.o
 .debug_frame   0x0000000000000358       0x58 Core/Src/system_stm32f4xx.o
 .debug_frame   0x00000000000003b0      0x374 Drivers/STM32F4xx_HAL_Driver/Src/stm32f4xx_hal.o
 .debug_frame   0x0000000000000724      0x498 Drivers/STM32F4xx_HAL_Driver/Src/stm32f4xx_hal_cortex.o
 .debug_frame   0x0000000000000bbc      0x14c Drivers/STM32F4xx_HAL_Driver/Src/stm32f4xx_hal_gpio.o
 .debug_frame   0x0000000000000d08      0x1f0 Drivers/STM32F4xx_HAL_Driver/Src/stm32f4xx_hal_rcc.o
 .debug_frame   0x0000000000000ef8     0x10f0 Drivers/STM32F4xx_HAL_Driver/Src/stm32f4xx_hal_tim.o
 .debug_frame   0x0000000000001fe8      0x5c0 Drivers/STM32F4xx_HAL_Driver/Src/stm32f4xx_hal_tim_ex.o
 .debug_frame   0x00000000000025a8      0x844 Drivers/STM32F4xx_HAL_Driver/Src/stm32f4xx_hal_uart.o
 .debug_frame   0x0000000000002dec      0x854 Middlewares/Third_Party/FreeRTOS/Source/CMSIS_RTOS/cmsis_os.o
 .debug_frame   0x0000000000003640       0xd8 Middlewares/Third_Party/FreeRTOS/Source/list.o
 .debug_frame   0x0000000000003718      0x548 Middlewares/Third_Party/FreeRTOS/Source/queue.o
 .debug_frame   0x0000000000003c60      0x758 Middlewares/Third_Party/FreeRTOS/Source/tasks.o
 .debug_frame   0x00000000000043b8      0x1a8 Middlewares/Third_Party/FreeRTOS/Source/portable/GCC/ARM_CM4F/port.o
 .debug_frame   0x0000000000004560      0x108 Middlewares/Third_Party/FreeRTOS/Source/portable/MemMang/heap_4.o
 .debug_frame   0x0000000000004668       0x2c c:/st/stm32cubeide_1.3.0/stm32cubeide/plugins/com.st.stm32cube.ide.mcu.externaltools.gnu-tools-for-stm32.7-2018-q2-update.win32_1.4.0.202007081208/tools/bin/../lib/gcc/arm-none-eabi/7.3.1/../../../../arm-none-eabi/lib/thumb/v7e-m/fpv4-sp/hard\libc_nano.a(lib_a-init.o)
 .debug_frame   0x0000000000004694       0x28 c:/st/stm32cubeide_1.3.0/stm32cubeide/plugins/com.st.stm32cube.ide.mcu.externaltools.gnu-tools-for-stm32.7-2018-q2-update.win32_1.4.0.202007081208/tools/bin/../lib/gcc/arm-none-eabi/7.3.1/../../../../arm-none-eabi/lib/thumb/v7e-m/fpv4-sp/hard\libc_nano.a(lib_a-memcpy-stub.o)
 .debug_frame   0x00000000000046bc       0x20 c:/st/stm32cubeide_1.3.0/stm32cubeide/plugins/com.st.stm32cube.ide.mcu.externaltools.gnu-tools-for-stm32.7-2018-q2-update.win32_1.4.0.202007081208/tools/bin/../lib/gcc/arm-none-eabi/7.3.1/../../../../arm-none-eabi/lib/thumb/v7e-m/fpv4-sp/hard\libc_nano.a(lib_a-memset.o)
 .debug_frame   0x00000000000046dc       0x2c c:/st/stm32cubeide_1.3.0/stm32cubeide/plugins/com.st.stm32cube.ide.mcu.externaltools.gnu-tools-for-stm32.7-2018-q2-update.win32_1.4.0.202007081208/tools/bin/../lib/gcc/arm-none-eabi/7.3.1/thumb/v7e-m/fpv4-sp/hard\libgcc.a(_aeabi_uldivmod.o)
 .debug_frame   0x0000000000004708       0x34 c:/st/stm32cubeide_1.3.0/stm32cubeide/plugins/com.st.stm32cube.ide.mcu.externaltools.gnu-tools-for-stm32.7-2018-q2-update.win32_1.4.0.202007081208/tools/bin/../lib/gcc/arm-none-eabi/7.3.1/thumb/v7e-m/fpv4-sp/hard\libgcc.a(_udivmoddi4.o)
